Archive member included to satisfy reference by file (symbol)

C:/Users/TX/.sifli/tools/arm-none-eabi-gcc/14.2.1/bin/../lib/gcc/arm-none-eabi/14.2.1/thumb/v8-m.main+fp/hard\libgcc.a(_aeabi_uldivmod.o)
                              build_sf32lb52-lchspi-ulp_hcpu\bootloader\sifli_sdk\drivers\hal\bf0_hal_efuse.o (__aeabi_uldivmod)
C:/Users/TX/.sifli/tools/arm-none-eabi-gcc/14.2.1/bin/../lib/gcc/arm-none-eabi/14.2.1/thumb/v8-m.main+fp/hard\libgcc.a(_udivmoddi4.o)
                              C:/Users/TX/.sifli/tools/arm-none-eabi-gcc/14.2.1/bin/../lib/gcc/arm-none-eabi/14.2.1/thumb/v8-m.main+fp/hard\libgcc.a(_aeabi_uldivmod.o) (__udivmoddi4)
C:/Users/TX/.sifli/tools/arm-none-eabi-gcc/14.2.1/bin/../lib/gcc/arm-none-eabi/14.2.1/thumb/v8-m.main+fp/hard\libgcc.a(_dvmd_tls.o)
                              C:/Users/TX/.sifli/tools/arm-none-eabi-gcc/14.2.1/bin/../lib/gcc/arm-none-eabi/14.2.1/thumb/v8-m.main+fp/hard\libgcc.a(_aeabi_uldivmod.o) (__aeabi_ldiv0)
C:/Users/TX/.sifli/tools/arm-none-eabi-gcc/14.2.1/bin/../lib/gcc/arm-none-eabi/14.2.1/thumb/v8-m.main+fp/hard\libg_nano.a(libc_a-calloc.o)
                              build_sf32lb52-lchspi-ulp_hcpu\bootloader\sifli_sdk\external\mbedtls\library\cipher_wrap.o (calloc)
C:/Users/TX/.sifli/tools/arm-none-eabi-gcc/14.2.1/bin/../lib/gcc/arm-none-eabi/14.2.1/thumb/v8-m.main+fp/hard\libg_nano.a(libc_a-callocr.o)
                              C:/Users/TX/.sifli/tools/arm-none-eabi-gcc/14.2.1/bin/../lib/gcc/arm-none-eabi/14.2.1/thumb/v8-m.main+fp/hard\libg_nano.a(libc_a-calloc.o) (_calloc_r)
C:/Users/TX/.sifli/tools/arm-none-eabi-gcc/14.2.1/bin/../lib/gcc/arm-none-eabi/14.2.1/thumb/v8-m.main+fp/hard\libg_nano.a(libc_a-exit.o)
                              C:/Users/TX/.sifli/tools/arm-none-eabi-gcc/14.2.1/bin/../lib/gcc/arm-none-eabi/14.2.1/thumb/v8-m.main+fp/hard/crt0.o (exit)
C:/Users/TX/.sifli/tools/arm-none-eabi-gcc/14.2.1/bin/../lib/gcc/arm-none-eabi/14.2.1/thumb/v8-m.main+fp/hard\libg_nano.a(libc_a-malloc.o)
                              build_sf32lb52-lchspi-ulp_hcpu\bootloader\sifli_sdk\external\mbedtls\library\cipher_wrap.o (free)
C:/Users/TX/.sifli/tools/arm-none-eabi-gcc/14.2.1/bin/../lib/gcc/arm-none-eabi/14.2.1/thumb/v8-m.main+fp/hard\libg_nano.a(libc_a-mallocr.o)
                              C:/Users/TX/.sifli/tools/arm-none-eabi-gcc/14.2.1/bin/../lib/gcc/arm-none-eabi/14.2.1/thumb/v8-m.main+fp/hard\libg_nano.a(libc_a-callocr.o) (_malloc_r)
C:/Users/TX/.sifli/tools/arm-none-eabi-gcc/14.2.1/bin/../lib/gcc/arm-none-eabi/14.2.1/thumb/v8-m.main+fp/hard\libg_nano.a(libc_a-mlock.o)
                              C:/Users/TX/.sifli/tools/arm-none-eabi-gcc/14.2.1/bin/../lib/gcc/arm-none-eabi/14.2.1/thumb/v8-m.main+fp/hard\libg_nano.a(libc_a-mallocr.o) (__malloc_lock)
C:/Users/TX/.sifli/tools/arm-none-eabi-gcc/14.2.1/bin/../lib/gcc/arm-none-eabi/14.2.1/thumb/v8-m.main+fp/hard\libg_nano.a(libc_a-fclose.o)
                              build_sf32lb52-lchspi-ulp_hcpu\bootloader\sifli_sdk\external\mbedtls\library\md.o (fclose)
C:/Users/TX/.sifli/tools/arm-none-eabi-gcc/14.2.1/bin/../lib/gcc/arm-none-eabi/14.2.1/thumb/v8-m.main+fp/hard\libg_nano.a(libc_a-ferror.o)
                              build_sf32lb52-lchspi-ulp_hcpu\bootloader\sifli_sdk\external\mbedtls\library\md.o (ferror)
C:/Users/TX/.sifli/tools/arm-none-eabi-gcc/14.2.1/bin/../lib/gcc/arm-none-eabi/14.2.1/thumb/v8-m.main+fp/hard\libg_nano.a(libc_a-fflush.o)
                              C:/Users/TX/.sifli/tools/arm-none-eabi-gcc/14.2.1/bin/../lib/gcc/arm-none-eabi/14.2.1/thumb/v8-m.main+fp/hard\libg_nano.a(libc_a-fclose.o) (__sflush_r)
C:/Users/TX/.sifli/tools/arm-none-eabi-gcc/14.2.1/bin/../lib/gcc/arm-none-eabi/14.2.1/thumb/v8-m.main+fp/hard\libg_nano.a(libc_a-fgets.o)
                              build_sf32lb52-lchspi-ulp_hcpu\bootloader\sifli_sdk\external\mbedtls\library\bignum.o (fgets)
C:/Users/TX/.sifli/tools/arm-none-eabi-gcc/14.2.1/bin/../lib/gcc/arm-none-eabi/14.2.1/thumb/v8-m.main+fp/hard\libg_nano.a(libc_a-findfp.o)
                              C:/Users/TX/.sifli/tools/arm-none-eabi-gcc/14.2.1/bin/../lib/gcc/arm-none-eabi/14.2.1/thumb/v8-m.main+fp/hard\libg_nano.a(libc_a-fflush.o) (__sglue)
C:/Users/TX/.sifli/tools/arm-none-eabi-gcc/14.2.1/bin/../lib/gcc/arm-none-eabi/14.2.1/thumb/v8-m.main+fp/hard\libg_nano.a(libc_a-fopen.o)
                              build_sf32lb52-lchspi-ulp_hcpu\bootloader\sifli_sdk\external\mbedtls\library\md.o (fopen)
C:/Users/TX/.sifli/tools/arm-none-eabi-gcc/14.2.1/bin/../lib/gcc/arm-none-eabi/14.2.1/thumb/v8-m.main+fp/hard\libg_nano.a(libc_a-fread.o)
                              build_sf32lb52-lchspi-ulp_hcpu\bootloader\sifli_sdk\external\mbedtls\library\md.o (fread)
C:/Users/TX/.sifli/tools/arm-none-eabi-gcc/14.2.1/bin/../lib/gcc/arm-none-eabi/14.2.1/thumb/v8-m.main+fp/hard\libg_nano.a(libc_a-fseek.o)
[...]
Memory Configuration

Name             Origin             Length             Attributes
ROM              0x20020000         0x00020000         xr
RAM              0x20040000         0x00010000         rw
ROM_EX           0x2007fc00         0x00000000         rw
PSRAM            0x60000000         0x00800000         rw
ROM2             0x12000000         0x00400000         xr
ROM3             0x12400000         0x00c00000         xr
*default*        0x00000000         0xffffffff

Linker script and memory map

LOAD C:/Users/TX/.sifli/tools/arm-none-eabi-gcc/14.2.1/bin/../lib/gcc/arm-none-eabi/14.2.1/thumb/v8-m.main+fp/hard/crti.o
LOAD C:/Users/TX/.sifli/tools/arm-none-eabi-gcc/14.2.1/bin/../lib/gcc/arm-none-eabi/14.2.1/thumb/v8-m.main+fp/hard/crtbegin.o
LOAD C:/Users/TX/.sifli/tools/arm-none-eabi-gcc/14.2.1/bin/../lib/gcc/arm-none-eabi/14.2.1/thumb/v8-m.main+fp/hard/crt0.o
LOAD build_sf32lb52-lchspi-ulp_hcpu\bootloader\board\bf0_ap_hal_msp.o
LOAD build_sf32lb52-lchspi-ulp_hcpu\bootloader\board\board.o
LOAD build_sf32lb52-lchspi-ulp_hcpu\bootloader\board\board_psram.o
LOAD build_sf32lb52-lchspi-ulp_hcpu\bootloader\board\boot_flash.o
LOAD build_sf32lb52-lchspi-ulp_hcpu\bootloader\board\efuse.o
LOAD build_sf32lb52-lchspi-ulp_hcpu\bootloader\board\main.o
LOAD build_sf32lb52-lchspi-ulp_hcpu\bootloader\board\sd_emmc_ops.o
LOAD build_sf32lb52-lchspi-ulp_hcpu\bootloader\board\sd_nand_drv.o
LOAD build_sf32lb52-lchspi-ulp_hcpu\bootloader\board\sd_nand_ops.o
LOAD build_sf32lb52-lchspi-ulp_hcpu\bootloader\board\secboot.o
LOAD build_sf32lb52-lchspi-ulp_hcpu\bootloader\sifli_sdk\customer\boards\common\bsp_common.o
LOAD build_sf32lb52-lchspi-ulp_hcpu\bootloader\sifli_sdk\customer\boards\common\flash.o
LOAD build_sf32lb52-lchspi-ulp_hcpu\bootloader\sifli_sdk\customer\boards\sf32lb52-lchspi-ulp_base\bsp_init.o
LOAD build_sf32lb52-lchspi-ulp_hcpu\bootloader\sifli_sdk\customer\boards\sf32lb52-lchspi-ulp_base\bsp_lcd_tp.o
LOAD build_sf32lb52-lchspi-ulp_hcpu\bootloader\sifli_sdk\customer\boards\sf32lb52-lchspi-ulp_base\bsp_pinmux.o
LOAD build_sf32lb52-lchspi-ulp_hcpu\bootloader\sifli_sdk\customer\boards\sf32lb52-lchspi-ulp_base\bsp_power.o
LOAD build_sf32lb52-lchspi-ulp_hcpu\bootloader\sifli_sdk\drivers\cmsis\sf32lb52x\bf0_pin_const.o
LOAD build_sf32lb52-lchspi-ulp_hcpu\bootloader\sifli_sdk\drivers\cmsis\sf32lb52x\Templates\system_bf0_ap.o
LOAD build_sf32lb52-lchspi-ulp_hcpu\bootloader\sifli_sdk\drivers\cmsis\sf32lb52x\lcpu_config_type.o
LOAD build_sf32lb52-lchspi-ulp_hcpu\bootloader\sifli_sdk\drivers\cmsis\sf32lb52x\Templates\gcc\startup_bf0_hcpu.o
LOAD build_sf32lb52-lchspi-ulp_hcpu\bootloader\sifli_sdk\drivers\hal\bf0_hal.o
LOAD build_sf32lb52-lchspi-ulp_hcpu\bootloader\sifli_sdk\drivers\hal\bf0_hal_adc.o
LOAD build_sf32lb52-lchspi-ulp_hcpu\bootloader\sifli_sdk\drivers\hal\bf0_hal_aes.o
LOAD build_sf32lb52-lchspi-ulp_hcpu\bootloader\sifli_sdk\drivers\hal\bf0_hal_aes_ns.o
LOAD build_sf32lb52-lchspi-ulp_hcpu\bootloader\sifli_sdk\drivers\hal\bf0_hal_audcodec_m.o
LOAD build_sf32lb52-lchspi-ulp_hcpu\bootloader\sifli_sdk\drivers\hal\bf0_hal_audprc.o
LOAD build_sf32lb52-lchspi-ulp_hcpu\bootloader\sifli_sdk\drivers\hal\bf0_hal_bleaon.o
LOAD build_sf32lb52-lchspi-ulp_hcpu\bootloader\sifli_sdk\drivers\hal\bf0_hal_busmon.o
LOAD build_sf32lb52-lchspi-ulp_hcpu\bootloader\sifli_sdk\drivers\hal\bf0_hal_cortex.o
LOAD build_sf32lb52-lchspi-ulp_hcpu\bootloader\sifli_sdk\drivers\hal\bf0_hal_crc.o
LOAD build_sf32lb52-lchspi-ulp_hcpu\bootloader\sifli_sdk\drivers\hal\bf0_hal_dma.o
LOAD build_sf32lb52-lchspi-ulp_hcpu\bootloader\sifli_sdk\drivers\hal\bf0_hal_dsi.o
LOAD build_sf32lb52-lchspi-ulp_hcpu\bootloader\sifli_sdk\drivers\hal\bf0_hal_efuse.o
LOAD build_sf32lb52-lchspi-ulp_hcpu\bootloader\sifli_sdk\drivers\hal\bf0_hal_epic.o
LOAD build_sf32lb52-lchspi-ulp_hcpu\bootloader\sifli_sdk\drivers\hal\bf0_hal_ext_dma.o
LOAD build_sf32lb52-lchspi-ulp_hcpu\bootloader\sifli_sdk\drivers\hal\bf0_hal_ezip.o
LOAD build_sf32lb52-lchspi-ulp_hcpu\bootloader\sifli_sdk\drivers\hal\bf0_hal_facc.o
LOAD build_sf32lb52-lchspi-ulp_hcpu\bootloader\sifli_sdk\drivers\hal\bf0_hal_fft.o
LOAD build_sf32lb52-lchspi-ulp_hcpu\bootloader\sifli_sdk\drivers\hal\bf0_hal_gpio.o
LOAD build_sf32lb52-lchspi-ulp_hcpu\bootloader\sifli_sdk\drivers\hal\bf0_hal_hcd.o
LOAD build_sf32lb52-lchspi-ulp_hcpu\bootloader\sifli_sdk\drivers\hal\bf0_hal_hlp.o
LOAD build_sf32lb52-lchspi-ulp_hcpu\bootloader\sifli_sdk\drivers\hal\bf0_hal_hpaon.o
LOAD build_sf32lb52-lchspi-ulp_hcpu\bootloader\sifli_sdk\drivers\hal\bf0_hal_i2c.o
LOAD build_sf32lb52-lchspi-ulp_hcpu\bootloader\sifli_sdk\drivers\hal\bf0_hal_i2s.o
LOAD build_sf32lb52-lchspi-ulp_hcpu\bootloader\sifli_sdk\drivers\hal\bf0_hal_lcdc.o
LOAD build_sf32lb52-lchspi-ulp_hcpu\bootloader\sifli_sdk\drivers\hal\bf0_hal_lcpu_config.o
LOAD build_sf32lb52-lchspi-ulp_hcpu\bootloader\sifli_sdk\drivers\hal\bf0_hal_lpaon.o
LOAD build_sf32lb52-lchspi-ulp_hcpu\bootloader\sifli_sdk\drivers\hal\bf0_hal_lpcomp.o
LOAD build_sf32lb52-lchspi-ulp_hcpu\bootloader\sifli_sdk\drivers\hal\bf0_hal_lptim.o
LOAD build_sf32lb52-lchspi-ulp_hcpu\bootloader\sifli_sdk\drivers\hal\bf0_hal_lrc_cal.o
LOAD build_sf32lb52-lchspi-ulp_hcpu\bootloader\sifli_sdk\drivers\hal\bf0_hal_mailbox.o
LOAD build_sf32lb52-lchspi-ulp_hcpu\bootloader\sifli_sdk\drivers\hal\bf0_hal_mpi.o
LOAD build_sf32lb52-lchspi-ulp_hcpu\bootloader\sifli_sdk\drivers\hal\bf0_hal_mpi_ex.o
LOAD build_sf32lb52-lchspi-ulp_hcpu\bootloader\sifli_sdk\drivers\hal\bf0_hal_mpi_psram.o
LOAD build_sf32lb52-lchspi-ulp_hcpu\bootloader\sifli_sdk\drivers\hal\bf0_hal_nn_acc.o
LOAD build_sf32lb52-lchspi-ulp_hcpu\bootloader\sifli_sdk\drivers\hal\bf0_hal_patch.o
LOAD build_sf32lb52-lchspi-ulp_hcpu\bootloader\sifli_sdk\drivers\hal\bf0_hal_pcd.o
LOAD build_sf32lb52-lchspi-ulp_hcpu\bootloader\sifli_sdk\drivers\hal\bf0_hal_pdm.o
LOAD build_sf32lb52-lchspi-ulp_hcpu\bootloader\sifli_sdk\drivers\hal\bf0_hal_pinmux.o
LOAD build_sf32lb52-lchspi-ulp_hcpu\bootloader\sifli_sdk\drivers\hal\bf0_hal_pmu.o
LOAD build_sf32lb52-lchspi-ulp_hcpu\bootloader\sifli_sdk\drivers\hal\bf0_hal_psram.o
LOAD build_sf32lb52-lchspi-ulp_hcpu\bootloader\sifli_sdk\drivers\hal\bf0_hal_ptc.o
LOAD build_sf32lb52-lchspi-ulp_hcpu\bootloader\sifli_sdk\drivers\hal\bf0_hal_rcc.o
LOAD build_sf32lb52-lchspi-ulp_hcpu\bootloader\sifli_sdk\drivers\hal\bf0_hal_rng.o
LOAD build_sf32lb52-lchspi-ulp_hcpu\bootloader\sifli_sdk\drivers\hal\bf0_hal_rtc.o
LOAD build_sf32lb52-lchspi-ulp_hcpu\bootloader\sifli_sdk\drivers\hal\bf0_hal_sd_ex.o
LOAD build_sf32lb52-lchspi-ulp_hcpu\bootloader\sifli_sdk\drivers\hal\bf0_hal_sdadc.o
LOAD build_sf32lb52-lchspi-ulp_hcpu\bootloader\sifli_sdk\drivers\hal\bf0_hal_sdhci.o
LOAD build_sf32lb52-lchspi-ulp_hcpu\bootloader\sifli_sdk\drivers\hal\bf0_hal_sdmmc.o
LOAD build_sf32lb52-lchspi-ulp_hcpu\bootloader\sifli_sdk\drivers\hal\bf0_hal_secu.o
LOAD build_sf32lb52-lchspi-ulp_hcpu\bootloader\sifli_sdk\drivers\hal\bf0_hal_spi.o
LOAD build_sf32lb52-lchspi-ulp_hcpu\bootloader\sifli_sdk\drivers\hal\bf0_hal_tim.o
LOAD build_sf32lb52-lchspi-ulp_hcpu\bootloader\sifli_sdk\drivers\hal\bf0_hal_tim_ex.o
LOAD build_sf32lb52-lchspi-ulp_hcpu\bootloader\sifli_sdk\drivers\hal\bf0_hal_tsen.o
LOAD build_sf32lb52-lchspi-ulp_hcpu\bootloader\sifli_sdk\drivers\hal\bf0_hal_uart.o
LOAD build_sf32lb52-lchspi-ulp_hcpu\bootloader\sifli_sdk\drivers\hal\bf0_hal_wdt.o
LOAD build_sf32lb52-lchspi-ulp_hcpu\bootloader\sifli_sdk\drivers\hal\bf0_sys_cfg.o
LOAD build_sf32lb52-lchspi-ulp_hcpu\bootloader\sifli_sdk\drivers\hal\flash_table.o
LOAD build_sf32lb52-lchspi-ulp_hcpu\bootloader\sifli_sdk\drivers\hal\nand_table.o
LOAD build_sf32lb52-lchspi-ulp_hcpu\bootloader\sifli_sdk\drivers\hal\sifli_bbm.o
LOAD build_sf32lb52-lchspi-ulp_hcpu\bootloader\sifli_sdk\external\mbedtls\library\aes.o
LOAD build_sf32lb52-lchspi-ulp_hcpu\bootloader\sifli_sdk\external\mbedtls\library\cipher.o
LOAD build_sf32lb52-lchspi-ulp_hcpu\bootloader\sifli_sdk\external\mbedtls\library\cipher_wrap.o
LOAD build_sf32lb52-lchspi-ulp_hcpu\bootloader\sifli_sdk\external\mbedtls\library\md.o
LOAD build_sf32lb52-lchspi-ulp_hcpu\bootloader\sifli_sdk\external\mbedtls\library\md_wrap.o
LOAD build_sf32lb52-lchspi-ulp_hcpu\bootloader\sifli_sdk\external\mbedtls\library\platform.o
LOAD build_sf32lb52-lchspi-ulp_hcpu\bootloader\sifli_sdk\external\mbedtls\library\sha256.o
LOAD build_sf32lb52-lchspi-ulp_hcpu\bootloader\sifli_sdk\external\mbedtls\library\sha512.o
LOAD build_sf32lb52-lchspi-ulp_hcpu\bootloader\sifli_sdk\external\mbedtls\library\asn1parse.o
LOAD build_sf32lb52-lchspi-ulp_hcpu\bootloader\sifli_sdk\external\mbedtls\library\bignum.o
LOAD build_sf32lb52-lchspi-ulp_hcpu\bootloader\sifli_sdk\external\mbedtls\library\oid.o
LOAD build_sf32lb52-lchspi-ulp_hcpu\bootloader\sifli_sdk\external\mbedtls\library\pk.o
LOAD build_sf32lb52-lchspi-ulp_hcpu\bootloader\sifli_sdk\external\mbedtls\library\pkparse.o
LOAD build_sf32lb52-lchspi-ulp_hcpu\bootloader\sifli_sdk\external\mbedtls\library\pk_wrap.o
LOAD build_sf32lb52-lchspi-ulp_hcpu\bootloader\sifli_sdk\external\mbedtls\library\rsa.o
LOAD build_sf32lb52-lchspi-ulp_hcpu\bootloader\sifli_sdk\external\mbedtls\library\sm2.o
LOAD build_sf32lb52-lchspi-ulp_hcpu\bootloader\sifli_sdk\external\mbedtls\library\sm3.o
LOAD build_sf32lb52-lchspi-ulp_hcpu\bootloader\sifli_sdk\external\mbedtls\library\ecp.o
LOAD build_sf32lb52-lchspi-ulp_hcpu\bootloader\sifli_sdk\external\mbedtls\library\ecp_curves.o
LOAD build_sf32lb52-lchspi-ulp_hcpu\bootloader\sifli_sdk\external\mbedtls\library\ctr_drbg.o
LOAD E:\OpenSiFli\sifli-sdk\drivers\hal_epic_ex\libhal_epic_ex_gcc.a
START GROUP
LOAD C:/Users/TX/.sifli/tools/arm-none-eabi-gcc/14.2.1/bin/../lib/gcc/arm-none-eabi/14.2.1/thumb/v8-m.main+fp/hard\libgcc.a
LOAD C:/Users/TX/.sifli/tools/arm-none-eabi-gcc/14.2.1/bin/../lib/gcc/arm-none-eabi/14.2.1/thumb/v8-m.main+fp/hard\libg_nano.a
LOAD C:/Users/TX/.sifli/tools/arm-none-eabi-gcc/14.2.1/bin/../lib/gcc/arm-none-eabi/14.2.1/thumb/v8-m.main+fp/hard\libc_nano.a
END GROUP
START GROUP
LOAD C:/Users/TX/.sifli/tools/arm-none-eabi-gcc/14.2.1/bin/../lib/gcc/arm-none-eabi/14.2.1/thumb/v8-m.main+fp/hard\libgcc.a
LOAD C:/Users/TX/.sifli/tools/arm-none-eabi-gcc/14.2.1/bin/../lib/gcc/arm-none-eabi/14.2.1/thumb/v8-m.main+fp/hard\libc_nano.a
LOAD C:/Users/TX/.sifli/tools/arm-none-eabi-gcc/14.2.1/bin/../lib/gcc/arm-none-eabi/14.2.1/thumb/v8-m.main+fp/hard\libnosys.a
END GROUP
START GROUP
LOAD C:/Users/TX/.sifli/tools/arm-none-eabi-gcc/14.2.1/bin/../lib/gcc/arm-none-eabi/14.2.1/thumb/v8-m.main+fp/hard\libgcc.a
LOAD C:/Users/TX/.sifli/tools/arm-none-eabi-gcc/14.2.1/bin/../lib/gcc/arm-none-eabi/14.2.1/thumb/v8-m.main+fp/hard\libc_nano.a
LOAD C:/Users/TX/.sifli/tools/arm-none-eabi-gcc/14.2.1/bin/../lib/gcc/arm-none-eabi/14.2.1/thumb/v8-m.main+fp/hard\libnosys.a
END GROUP
LOAD C:/Users/TX/.sifli/tools/arm-none-eabi-gcc/14.2.1/bin/../lib/gcc/arm-none-eabi/14.2.1/thumb/v8-m.main+fp/hard/crtend.o
LOAD C:/Users/TX/.sifli/tools/arm-none-eabi-gcc/14.2.1/bin/../lib/gcc/arm-none-eabi/14.2.1/thumb/v8-m.main+fp/hard/crtn.o
                0x20020000                        __ROM_BASE = 0x20020000
                0x00020000                        __ROM_SIZE = 0x20000
                0x20040000                        __RAM_BASE = 0x20040000
                0x00010000                        __RAM_SIZE = 0x10000
                0x00002000                        __STACK_SIZE = 0x2000
                0x00000c00                        __HEAP_SIZE = 0xc00
                0x2007fc00                        __ROM_EX_BASE = 0x2007fc00
                0x00000000                        __ROM_EX_SIZE = 0x0
                0x60000000                        __PSRAM_BASE = 0x60000000
                0x00800000                        __PSRAM_SIZE = 0x800000
                0x12000000                        __ROM2_BASE = 0x12000000
                0x00400000                        __ROM2_SIZE = 0x400000
                0x12400000                        __ROM3_BASE = 0x12400000
                0x00c00000                        __ROM3_SIZE = 0xc00000

.vectors        0x20020000      0x204
                0x20020000                        _stext = ABSOLUTE (.)
 *(.vectors)
 .vectors       0x20020000      0x200 build_sf32lb52-lchspi-ulp_hcpu\bootloader\sifli_sdk\drivers\cmsis\sf32lb52x\Templates\gcc\startup_bf0_hcpu.o
                0x20020000                __Vectors
                0x20020200                __Vectors_End
                0x20020204                        . = (. + 0x4)
 *fill*         0x20020200        0x4 

.stack          0x20040000     0x2000
                0x20040000                        . = ALIGN (0x8)
                0x20040000                        __StackLimit = .
                0x20042000                        . = (. + __STACK_SIZE)
 *fill*         0x20040000     0x2000 
                0x20042000                        . = ALIGN (0x8)
                0x20042000                        __StackTop = .
                0x20042000                        PROVIDE (__stack = __StackTop)

.heap           0x20042000      0xc00
                0x20042000                        . = ALIGN (0x8)
                0x2004a518                        __end__ = .
                0x20042000                        PROVIDE (end = .)
                0x20042c00                        . = (. + __HEAP_SIZE)
 *fill*         0x20042000      0xc00 
                0x20042c00                        . = ALIGN (0x8)
                0x20042c00                        __HeapLimit = .

.text           0x20020208     0xc030
 *(.text*)
 .text.deregister_tm_clones
                0x20020208       0x1c C:/Users/TX/.sifli/tools/arm-none-eabi-gcc/14.2.1/bin/../lib/gcc/arm-none-eabi/14.2.1/thumb/v8-m.main+fp/hard/crtbegin.o
 .text.register_tm_clones
                0x20020224       0x28 C:/Users/TX/.sifli/tools/arm-none-eabi-gcc/14.2.1/bin/../lib/gcc/arm-none-eabi/14.2.1/thumb/v8-m.main+fp/hard/crtbegin.o
 .text.__do_global_dtors_aux
                0x2002024c       0x28 C:/Users/TX/.sifli/tools/arm-none-eabi-gcc/14.2.1/bin/../lib/gcc/arm-none-eabi/14.2.1/thumb/v8-m.main+fp/hard/crtbegin.o
 .text.frame_dummy
                0x20020274       0x24 C:/Users/TX/.sifli/tools/arm-none-eabi-gcc/14.2.1/bin/../lib/gcc/arm-none-eabi/14.2.1/thumb/v8-m.main+fp/hard/crtbegin.o
 .text.boot_uart_tx
                0x20020298       0x18 build_sf32lb52-lchspi-ulp_hcpu\bootloader\board\bf0_ap_hal_msp.o
                0x20020298                boot_uart_tx
 .text.boot_error
                0x200202b0       0x50 build_sf32lb52-lchspi-ulp_hcpu\bootloader\board\bf0_ap_hal_msp.o
                0x200202b0                boot_error
 .text.HAL_MspInit
                0x20020300        0xc build_sf32lb52-lchspi-ulp_hcpu\bootloader\board\bf0_ap_hal_msp.o
                0x20020300                HAL_MspInit
 .text.mpu_config
                0x2002030c        0x2 build_sf32lb52-lchspi-ulp_hcpu\bootloader\board\bf0_ap_hal_msp.o
                0x2002030c                mpu_config
 .text.cache_enable
                0x2002030e        0x2 build_sf32lb52-lchspi-ulp_hcpu\bootloader\board\bf0_ap_hal_msp.o
                0x2002030e                cache_enable
 .text.board_pinmux_mpi1_puya_base
                0x20020310       0x42 build_sf32lb52-lchspi-ulp_hcpu\bootloader\board\board.o
                0x20020310                board_pinmux_mpi1_puya_base
 .text.board_pinmux_mpi1_puya_ext
                0x20020352       0x5e build_sf32lb52-lchspi-ulp_hcpu\bootloader\board\board.o
                0x20020352                board_pinmux_mpi1_puya_ext
 .text.board_pinmux_mpi1_gd
                0x200203b0       0x86 build_sf32lb52-lchspi-ulp_hcpu\bootloader\board\board.o
                0x200203b0                board_pinmux_mpi1_gd
 .text.board_pinmux_mpi2
                0x20020436       0x4e build_sf32lb52-lchspi-ulp_hcpu\bootloader\board\board.o
                0x20020436                board_pinmux_mpi2
 .text.board_pinmux_sd
                0x20020484       0x60 build_sf32lb52-lchspi-ulp_hcpu\bootloader\board\board.o
                0x20020484                board_pinmux_sd
 .text.board_boot_from
                0x200204e4       0x3c build_sf32lb52-lchspi-ulp_hcpu\bootloader\board\board.o
                0x200204e4                board_boot_from
 .text.board_flash_power_on
                0x20020520        0x2 build_sf32lb52-lchspi-ulp_hcpu\bootloader\board\board.o
                0x20020520                board_flash_power_on
 .text.board_pinmux_psram_func0
                0x20020522       0x9a build_sf32lb52-lchspi-ulp_hcpu\bootloader\board\board_psram.o
                0x20020522                board_pinmux_psram_func0
 .text.board_pinmux_psram_func1_2_4
                0x200205bc       0xe4 build_sf32lb52-lchspi-ulp_hcpu\bootloader\board\board_psram.o
                0x200205bc                board_pinmux_psram_func1_2_4
 .text.board_pinmux_psram_func3
                0x200206a0       0x86 build_sf32lb52-lchspi-ulp_hcpu\bootloader\board\board_psram.o
                0x200206a0                board_pinmux_psram_func3
 .text.bootloader_switch_clock
                0x20020726        0x8 build_sf32lb52-lchspi-ulp_hcpu\bootloader\board\board_psram.o
                0x20020726                bootloader_switch_clock
 *fill*         0x2002072e        0x2 
 .text.boot_psram_init
                0x20020730      0x1b0 build_sf32lb52-lchspi-ulp_hcpu\bootloader\board\board_psram.o
                0x20020730                boot_psram_init
 .text.board_init_psram
                0x200208e0       0x5c build_sf32lb52-lchspi-ulp_hcpu\bootloader\board\board_psram.o
                0x200208e0                board_init_psram
 .text.erase_nor
                0x2002093c       0x5c build_sf32lb52-lchspi-ulp_hcpu\bootloader\board\boot_flash.o
 .text.write_nor
                0x20020998       0x8c build_sf32lb52-lchspi-ulp_hcpu\bootloader\board\boot_flash.o
 .text.read_nor
                0x20020a24       0x12 build_sf32lb52-lchspi-ulp_hcpu\bootloader\board\boot_flash.o
 *fill*         0x20020a36        0x2 
 .text.read_nand
                0x20020a38       0x80 build_sf32lb52-lchspi-ulp_hcpu\bootloader\board\boot_flash.o
 .text.read_sdnand
                0x20020ab8       0x68 build_sf32lb52-lchspi-ulp_hcpu\bootloader\board\boot_flash.o
 .text.read_sdemmc
                0x20020b20       0x68 build_sf32lb52-lchspi-ulp_hcpu\bootloader\board\boot_flash.o
 .text.port_read_page
                0x20020b88       0xf8 build_sf32lb52-lchspi-ulp_hcpu\bootloader\board\boot_flash.o
                0x20020b88                port_read_page
 .text.bbm_get_bb
                0x20020c80       0x84 build_sf32lb52-lchspi-ulp_hcpu\bootloader\board\boot_flash.o
                0x20020c80                bbm_get_bb
 .text.dfu_flash_init
                0x20020d04      0x2f8 build_sf32lb52-lchspi-ulp_hcpu\bootloader\board\boot_flash.o
                0x20020d04                dfu_flash_init
 .text.sifli_hw_efuse_read_bank
                0x20020ffc       0x2c build_sf32lb52-lchspi-ulp_hcpu\bootloader\board\efuse.o
                0x20020ffc                sifli_hw_efuse_read_bank
 .text.sifli_hw_efuse_read
                0x20021028       0x4c build_sf32lb52-lchspi-ulp_hcpu\bootloader\board\efuse.o
                0x20021028                sifli_hw_efuse_read
 .text.sifli_hw_init_xip_key
                0x20021074       0x50 build_sf32lb52-lchspi-ulp_hcpu\bootloader\board\efuse.o
                0x20021074                sifli_hw_init_xip_key
 .text.sifli_hw_dec_key
                0x200210c4       0x30 build_sf32lb52-lchspi-ulp_hcpu\bootloader\board\efuse.o
                0x200210c4                sifli_hw_dec_key
 .text.dfu_get_counter
                0x200210f4       0x30 build_sf32lb52-lchspi-ulp_hcpu\bootloader\board\efuse.o
                0x200210f4                dfu_get_counter
 .text.sifli_hw_dec
                0x20021124       0x68 build_sf32lb52-lchspi-ulp_hcpu\bootloader\board\efuse.o
                0x20021124                sifli_hw_dec
 .text.boot_ram
                0x2002118c       0x1c build_sf32lb52-lchspi-ulp_hcpu\bootloader\board\main.o
                0x2002118c                boot_ram
 .text.is_addr_in_nor
                0x200211a8       0x2c build_sf32lb52-lchspi-ulp_hcpu\bootloader\board\main.o
                0x200211a8                is_addr_in_nor
 .text.dfu_boot_img_in_flash
                0x200211d4      0x198 build_sf32lb52-lchspi-ulp_hcpu\bootloader\board\main.o
                0x200211d4                dfu_boot_img_in_flash
 .text.boot_images_help
                0x2002136c       0x44 build_sf32lb52-lchspi-ulp_hcpu\bootloader\board\main.o
                0x2002136c                boot_images_help
 .text.hw_preinit0
                0x200213b0       0x4c build_sf32lb52-lchspi-ulp_hcpu\bootloader\board\main.o
                0x200213b0                hw_preinit0
 .text.entry    0x200213fc       0x5c build_sf32lb52-lchspi-ulp_hcpu\bootloader\board\main.o
                0x200213fc                entry
 .text.sdio_emmc_init
                0x20021458      0x24c build_sf32lb52-lchspi-ulp_hcpu\bootloader\board\sd_emmc_ops.o
                0x20021458                sdio_emmc_init
 .text.emmc_read_data
                0x200216a4       0x8c build_sf32lb52-lchspi-ulp_hcpu\bootloader\board\sd_emmc_ops.o
                0x200216a4                emmc_read_data
 .text.sd1_init
                0x20021730       0x3c build_sf32lb52-lchspi-ulp_hcpu\bootloader\board\sd_nand_drv.o
                0x20021730                sd1_init
 .text.sd1_wait_cmd
                0x2002176c       0x28 build_sf32lb52-lchspi-ulp_hcpu\bootloader\board\sd_nand_drv.o
                0x2002176c                sd1_wait_cmd
 .text.sd1_send_cmd
                0x20021794       0x40 build_sf32lb52-lchspi-ulp_hcpu\bootloader\board\sd_nand_drv.o
                0x20021794                sd1_send_cmd
 .text.sd1_send_acmd
                0x200217d4       0x3c build_sf32lb52-lchspi-ulp_hcpu\bootloader\board\sd_nand_drv.o
                0x200217d4                sd1_send_acmd
 .text.sd1_get_rsp
                0x20021810       0x20 build_sf32lb52-lchspi-ulp_hcpu\bootloader\board\sd_nand_drv.o
                0x20021810                sd1_get_rsp
 .text.sd1_read
                0x20021830       0x20 build_sf32lb52-lchspi-ulp_hcpu\bootloader\board\sd_nand_drv.o
                0x20021830                sd1_read
 .text.sd1_wait_read
                0x20021850       0x28 build_sf32lb52-lchspi-ulp_hcpu\bootloader\board\sd_nand_drv.o
                0x20021850                sd1_wait_read
 .text.sdmmc1_sdnand
                0x20021878      0x258 build_sf32lb52-lchspi-ulp_hcpu\bootloader\board\sd_nand_ops.o
                0x20021878                sdmmc1_sdnand
 .text.sd_read_data
                0x20021ad0       0x8c build_sf32lb52-lchspi-ulp_hcpu\bootloader\board\sd_nand_ops.o
                0x20021ad0                sd_read_data
 .text.sifli_hash_calculate
                0x20021b5c       0x96 build_sf32lb52-lchspi-ulp_hcpu\bootloader\board\secboot.o
                0x20021b5c                sifli_hash_calculate
 .text.sifli_hash_verify
                0x20021bf2       0x48 build_sf32lb52-lchspi-ulp_hcpu\bootloader\board\secboot.o
                0x20021bf2                sifli_hash_verify
 .text.sifli_sigkey_pub_verify
                0x20021c3a       0x30 build_sf32lb52-lchspi-ulp_hcpu\bootloader\board\secboot.o
                0x20021c3a                sifli_sigkey_pub_verify
 .text.sifli_img_sig_hash_verify
                0x20021c6a       0x6a build_sf32lb52-lchspi-ulp_hcpu\bootloader\board\secboot.o
                0x20021c6a                sifli_img_sig_hash_verify
 .text.sifli_secboot_exception
                0x20021cd4       0x34 build_sf32lb52-lchspi-ulp_hcpu\bootloader\board\secboot.o
                0x20021cd4                sifli_secboot_exception
 .text.BSP_GetFlash1DIV
                0x20021d08        0xc build_sf32lb52-lchspi-ulp_hcpu\bootloader\sifli_sdk\customer\boards\sf32lb52-lchspi-ulp_base\bsp_init.o
                0x20021d08                BSP_GetFlash1DIV
 .text.BSP_GetFlash2DIV
                0x20021d14        0xc build_sf32lb52-lchspi-ulp_hcpu\bootloader\sifli_sdk\customer\boards\sf32lb52-lchspi-ulp_base\bsp_init.o
                0x20021d14                BSP_GetFlash2DIV
 .text.BSP_SetFlash1DIV
                0x20021d20        0xc build_sf32lb52-lchspi-ulp_hcpu\bootloader\sifli_sdk\customer\boards\sf32lb52-lchspi-ulp_base\bsp_init.o
                0x20021d20                BSP_SetFlash1DIV
 .text.BSP_SetFlash2DIV
                0x20021d2c        0xc build_sf32lb52-lchspi-ulp_hcpu\bootloader\sifli_sdk\customer\boards\sf32lb52-lchspi-ulp_base\bsp_init.o
                0x20021d2c                BSP_SetFlash2DIV
 .text.boot_images
                0x20021d38        0x2 build_sf32lb52-lchspi-ulp_hcpu\bootloader\sifli_sdk\drivers\cmsis\sf32lb52x\Templates\system_bf0_ap.o
                0x20021d38                boot_images
 .text.SystemPowerOnModeInit
                0x20021d3a        0x2 build_sf32lb52-lchspi-ulp_hcpu\bootloader\sifli_sdk\drivers\cmsis\sf32lb52x\Templates\system_bf0_ap.o
                0x20021d3a                SystemPowerOnModeInit
 .text.SystemInit
                0x20021d3c       0x58 build_sf32lb52-lchspi-ulp_hcpu\bootloader\sifli_sdk\drivers\cmsis\sf32lb52x\Templates\system_bf0_ap.o
                0x20021d3c                SystemInit
 .text          0x20021d94       0x64 build_sf32lb52-lchspi-ulp_hcpu\bootloader\sifli_sdk\drivers\cmsis\sf32lb52x\Templates\gcc\startup_bf0_hcpu.o
                0x20021d94                Reset_Handler
                0x20021ddc                HardFault_Handler
                0x20021dde                DebugMon_Handler
                0x20021dde                DMAC1_CH8_IRQHandler
                0x20021dde                PTC2_IRQHandler
                0x20021dde                PMUC_IRQHandler
                0x20021dde                DMAC1_CH7_IRQHandler
                0x20021dde                DMAC2_CH4_IRQHandler
                0x20021dde                SysTick_Handler
                0x20021dde                GPTIM1_IRQHandler
                0x20021dde                DMAC2_CH6_IRQHandler
                0x20021dde                PendSV_Handler
                0x20021dde                BTIM1_IRQHandler
                0x20021dde                LCDC1_IRQHandler
                0x20021dde                I2C1_IRQHandler
                0x20021dde                DMAC2_CH2_IRQHandler
                0x20021dde                LPTIM2_IRQHandler
                0x20021dde                Interrupt35_IRQHandler
                0x20021dde                PDM1_IRQHandler
                0x20021dde                EXTDMA_IRQHandler
                0x20021dde                AON_IRQHandler
                0x20021dde                Interrupt80_IRQHandler
                0x20021dde                LPTIM3_IRQHandler
                0x20021dde                Interrupt31_IRQHandler
                0x20021dde                DMAC2_CH7_IRQHandler
                0x20021dde                UsageFault_Handler
                0x20021dde                DMAC1_CH6_IRQHandler
                0x20021dde                TSEN_IRQHandler
                0x20021dde                SPI1_IRQHandler
                0x20021dde                USART5_IRQHandler
                0x20021dde                GPIO1_IRQHandler
                0x20021dde                ATIM1_IRQHandler
                0x20021dde                EPIC_IRQHandler
                0x20021dde                I2C4_IRQHandler
                0x20021dde                Interrupt30_IRQHandler
                0x20021dde                Interrupt88_IRQHandler
                0x20021dde                SECU2_IRQHandler
                0x20021dde                I2C2_IRQHandler
                0x20021dde                USART3_IRQHandler
                0x20021dde                RTC_IRQHandler
                0x20021dde                AUD_HP_IRQHandler
                0x20021dde                BTIM2_IRQHandler
                0x20021dde                GPADC_IRQHandler
                0x20021dde                USART4_IRQHandler
                0x20021dde                Interrupt81_IRQHandler
                0x20021dde                DMAC1_CH3_IRQHandler
                0x20021dde                GPIO2_IRQHandler
                0x20021dde                SecureFault_Handler
                0x20021dde                EZIP_IRQHandler
                0x20021dde                Interrupt26_IRQHandler
                0x20021dde                Default_Handler
                0x20021dde                Interrupt32_IRQHandler
                0x20021dde                I2S1_IRQHandler
                0x20021dde                QSPI1_IRQHandler
                0x20021dde                LCPU2HCPU_IRQHandler
                0x20021dde                Interrupt43_IRQHandler
                0x20021dde                EFUSEC_IRQHandler
                0x20021dde                SECU1_IRQHandler
                0x20021dde                Interrupt42_IRQHandler
                0x20021dde                Interrupt29_IRQHandler
                0x20021dde                Interrupt97_IRQHandler
                0x20021dde                BTIM4_IRQHandler
                0x20021dde                DMAC1_CH2_IRQHandler
                0x20021dde                Interrupt40_IRQHandler
                0x20021dde                PATCH_IRQHandler
                0x20021dde                SDMMC1_IRQHandler
                0x20021dde                Interrupt25_IRQHandler
                0x20021dde                I2C3_IRQHandler
                0x20021dde                Interrupt27_IRQHandler
                0x20021dde                Interrupt34_IRQHandler
                0x20021dde                SPI2_IRQHandler
                0x20021dde                MemManage_Handler
                0x20021dde                Interrupt83_IRQHandler
                0x20021dde                SVC_Handler
                0x20021dde                HPSYS1_IRQHandler
                0x20021dde                Interrupt44_IRQHandler
                0x20021dde                USBC_IRQHandler
                0x20021dde                DMAC2_CH1_IRQHandler
                0x20021dde                Interrupt33_IRQHandler
                0x20021dde                QSPI2_IRQHandler
                0x20021dde                DMAC1_CH1_IRQHandler
                0x20021dde                bt_isr
                0x20021dde                PTC1_IRQHandler
                0x20021dde                HPSYS0_IRQHandler
                0x20021dde                DMAC2_CH8_IRQHandler
                0x20021dde                BTIM3_IRQHandler
                0x20021dde                Interrupt45_IRQHandler
                0x20021dde                Interrupt38_IRQHandler
                0x20021dde                ble_isr
                0x20021dde                dm_isr
                0x20021dde                Interrupt41_IRQHandler
                0x20021dde                Interrupt36_IRQHandler
                0x20021dde                AES_IRQHandler
                0x20021dde                USART2_IRQHandler
                0x20021dde                Interrupt28_IRQHandler
                0x20021dde                GPTIM2_IRQHandler
                0x20021dde                Interrupt87_IRQHandler
                0x20021dde                AUDPRC_IRQHandler
                0x20021dde                DMAC1_CH4_IRQHandler
                0x20021dde                DMAC1_CH5_IRQHandler
                0x20021dde                DMAC2_CH5_IRQHandler
                0x20021dde                BusFault_Handler
                0x20021dde                USART1_IRQHandler
                0x20021dde                Interrupt37_IRQHandler
                0x20021dde                LPTIM1_IRQHandler
                0x20021dde                DMAC2_CH3_IRQHandler
                0x20021dde                TRNG_IRQHandler
                0x20021dde                Interrupt24_IRQHandler
                0x20021dde                Interrupt23_IRQHandler
                0x20021dde                Interrupt39_IRQHandler
 .text.__aeabi_unwind_cpp_pr0
                0x20021df8        0x4 build_sf32lb52-lchspi-ulp_hcpu\bootloader\sifli_sdk\drivers\hal\bf0_hal.o
                0x20021df8                __aeabi_unwind_cpp_pr0
 .text.HAL_GetTick
                0x20021dfc        0xc build_sf32lb52-lchspi-ulp_hcpu\bootloader\sifli_sdk\drivers\hal\bf0_hal.o
                0x20021dfc                HAL_GetTick
 .text.HAL_Delay_us_
                0x20021e08       0x80 build_sf32lb52-lchspi-ulp_hcpu\bootloader\sifli_sdk\drivers\hal\bf0_hal.o
                0x20021e08                HAL_Delay_us_
 .text.HAL_Delay_us2_
                0x20021e88       0x3e build_sf32lb52-lchspi-ulp_hcpu\bootloader\sifli_sdk\drivers\hal\bf0_hal.o
                0x20021e88                HAL_Delay_us2_
 .text.HAL_Delay_us
                0x20021ec6       0x42 build_sf32lb52-lchspi-ulp_hcpu\bootloader\sifli_sdk\drivers\hal\bf0_hal.o
                0x20021ec6                HAL_Delay_us
 .text.WDT_IRQHandler
                0x20021f08        0x2 build_sf32lb52-lchspi-ulp_hcpu\bootloader\sifli_sdk\drivers\hal\bf0_hal.o
                0x20021f08                WDT_IRQHandler
 .text.DBG_Trigger_IRQHandler
                0x20021f0a        0x2 build_sf32lb52-lchspi-ulp_hcpu\bootloader\sifli_sdk\drivers\hal\bf0_hal.o
                0x20021f0a                DBG_Trigger_IRQHandler
 .text.NMI_Handler
                0x20021f0c       0x1c build_sf32lb52-lchspi-ulp_hcpu\bootloader\sifli_sdk\drivers\hal\bf0_hal.o
                0x20021f0c                NMI_Handler
 .text.HAL_AES_run_help
                0x20021f28       0x48 build_sf32lb52-lchspi-ulp_hcpu\bootloader\sifli_sdk\drivers\hal\bf0_hal_aes.o
 .text.HAL_HASH_run_help.isra.0
                0x20021f70       0x38 build_sf32lb52-lchspi-ulp_hcpu\bootloader\sifli_sdk\drivers\hal\bf0_hal_aes.o
 .text.HAL_AES_reset
                0x20021fa8       0x10 build_sf32lb52-lchspi-ulp_hcpu\bootloader\sifli_sdk\drivers\hal\bf0_hal_aes.o
                0x20021fa8                HAL_AES_reset
 .text.HAL_AES_init
                0x20021fb8       0x88 build_sf32lb52-lchspi-ulp_hcpu\bootloader\sifli_sdk\drivers\hal\bf0_hal_aes.o
                0x20021fb8                HAL_AES_init
 .text.HAL_AES_run
                0x20022040       0x70 build_sf32lb52-lchspi-ulp_hcpu\bootloader\sifli_sdk\drivers\hal\bf0_hal_aes.o
                0x20022040                HAL_AES_run
 .text.HAL_HASH_run
                0x200220b0       0x3c build_sf32lb52-lchspi-ulp_hcpu\bootloader\sifli_sdk\drivers\hal\bf0_hal_aes.o
                0x200220b0                HAL_HASH_run
 .text.HAL_HASH_reset
                0x200220ec       0x10 build_sf32lb52-lchspi-ulp_hcpu\bootloader\sifli_sdk\drivers\hal\bf0_hal_aes.o
                0x200220ec                HAL_HASH_reset
 .text.HAL_HASH_init
                0x200220fc       0x5c build_sf32lb52-lchspi-ulp_hcpu\bootloader\sifli_sdk\drivers\hal\bf0_hal_aes.o
                0x200220fc                HAL_HASH_init
 .text.HAL_HASH_result
                0x20022158       0x30 build_sf32lb52-lchspi-ulp_hcpu\bootloader\sifli_sdk\drivers\hal\bf0_hal_aes.o
                0x20022158                HAL_HASH_result
 .text.HAL_NVIC_SetPriority
                0x20022188       0x6c build_sf32lb52-lchspi-ulp_hcpu\bootloader\sifli_sdk\drivers\hal\bf0_hal_cortex.o
                0x20022188                HAL_NVIC_SetPriority
 .text.HAL_NVIC_EnableIRQ
                0x200221f4       0x1c build_sf32lb52-lchspi-ulp_hcpu\bootloader\sifli_sdk\drivers\hal\bf0_hal_cortex.o
                0x200221f4                HAL_NVIC_EnableIRQ
 .text.HAL_NVIC_DisableIRQ
                0x20022210       0x28 build_sf32lb52-lchspi-ulp_hcpu\bootloader\sifli_sdk\drivers\hal\bf0_hal_cortex.o
                0x20022210                HAL_NVIC_DisableIRQ
 .text.DMA_Init
                0x20022238      0x124 build_sf32lb52-lchspi-ulp_hcpu\bootloader\sifli_sdk\drivers\hal\bf0_hal_dma.o
 .text.DMA_AllocChannel
                0x2002235c       0xcc build_sf32lb52-lchspi-ulp_hcpu\bootloader\sifli_sdk\drivers\hal\bf0_hal_dma.o
 .text.DMA_FreeChannel.isra.0
                0x20022428       0x60 build_sf32lb52-lchspi-ulp_hcpu\bootloader\sifli_sdk\drivers\hal\bf0_hal_dma.o
 .text.HAL_DMA_Init
                0x20022488       0xc8 build_sf32lb52-lchspi-ulp_hcpu\bootloader\sifli_sdk\drivers\hal\bf0_hal_dma.o
                0x20022488                HAL_DMA_Init
 .text.HAL_DMA_DeInit
                0x20022550       0xbc build_sf32lb52-lchspi-ulp_hcpu\bootloader\sifli_sdk\drivers\hal\bf0_hal_dma.o
                0x20022550                HAL_DMA_DeInit
 .text.HAL_DMA_PollForTransfer
                0x2002260c       0xe0 build_sf32lb52-lchspi-ulp_hcpu\bootloader\sifli_sdk\drivers\hal\bf0_hal_dma.o
                0x2002260c                HAL_DMA_PollForTransfer
 .text.DMA_Remap
                0x200226ec       0x60 build_sf32lb52-lchspi-ulp_hcpu\bootloader\sifli_sdk\drivers\hal\bf0_hal_dma.o
                0x200226ec                DMA_Remap
 .text.DMA_Start
                0x2002274c       0xaa build_sf32lb52-lchspi-ulp_hcpu\bootloader\sifli_sdk\drivers\hal\bf0_hal_dma.o
 .text.HAL_DMA_Start
                0x200227f6       0x7c build_sf32lb52-lchspi-ulp_hcpu\bootloader\sifli_sdk\drivers\hal\bf0_hal_dma.o
                0x200227f6                HAL_DMA_Start
 *fill*         0x20022872        0x2 
 .text.HAL_EFUSE_Read
                0x20022874       0xcc build_sf32lb52-lchspi-ulp_hcpu\bootloader\sifli_sdk\drivers\hal\bf0_hal_efuse.o
                0x20022874                HAL_EFUSE_Read
 .text.EXT_DMA_SetConfig
                0x20022940       0x32 build_sf32lb52-lchspi-ulp_hcpu\bootloader\sifli_sdk\drivers\hal\bf0_hal_ext_dma.o
 *fill*         0x20022972        0x2 
 .text.HAL_EXT_DMA_Init
                0x20022974       0x40 build_sf32lb52-lchspi-ulp_hcpu\bootloader\sifli_sdk\drivers\hal\bf0_hal_ext_dma.o
                0x20022974                HAL_EXT_DMA_Init
 .text.HAL_EXT_DMA_Start
                0x200229b4       0x4c build_sf32lb52-lchspi-ulp_hcpu\bootloader\sifli_sdk\drivers\hal\bf0_hal_ext_dma.o
                0x200229b4                HAL_EXT_DMA_Start
 .text.HAL_EXT_DMA_PollForTransfer
                0x20022a00       0x7c build_sf32lb52-lchspi-ulp_hcpu\bootloader\sifli_sdk\drivers\hal\bf0_hal_ext_dma.o
                0x20022a00                HAL_EXT_DMA_PollForTransfer
 .text.HAL_DBG_printf
                0x20022a7c        0x6 build_sf32lb52-lchspi-ulp_hcpu\bootloader\sifli_sdk\drivers\hal\bf0_hal_hlp.o
                0x20022a7c                HAL_DBG_printf
 *fill*         0x20022a82        0x2 
 .text.HAL_Get_backup
                0x20022a84        0xc build_sf32lb52-lchspi-ulp_hcpu\bootloader\sifli_sdk\drivers\hal\bf0_hal_hlp.o
                0x20022a84                HAL_Get_backup
 .text.HAL_HPAON_WakeCore
                0x20022a90       0x54 build_sf32lb52-lchspi-ulp_hcpu\bootloader\sifli_sdk\drivers\hal\bf0_hal_hpaon.o
                0x20022a90                HAL_HPAON_WakeCore
 .text.HAL_HPAON_EnableXT48
                0x20022ae4       0x18 build_sf32lb52-lchspi-ulp_hcpu\bootloader\sifli_sdk\drivers\hal\bf0_hal_hpaon.o
                0x20022ae4                HAL_HPAON_EnableXT48
 .text.HAL_HPAON_DisableXT48
                0x20022afc       0x10 build_sf32lb52-lchspi-ulp_hcpu\bootloader\sifli_sdk\drivers\hal\bf0_hal_hpaon.o
                0x20022afc                HAL_HPAON_DisableXT48
 .text.HAL_QSPI_Init
                0x20022b0c       0x3c build_sf32lb52-lchspi-ulp_hcpu\bootloader\sifli_sdk\drivers\hal\bf0_hal_mpi.o
                0x20022b0c                HAL_QSPI_Init
 .text.HAL_FLASH_SET_AHB_RCMD
                0x20022b48       0x16 build_sf32lb52-lchspi-ulp_hcpu\bootloader\sifli_sdk\drivers\hal\bf0_hal_mpi.o
                0x20022b48                HAL_FLASH_SET_AHB_RCMD
 .text.HAL_FLASH_CFG_AHB_RCMD
                0x20022b5e       0x3a build_sf32lb52-lchspi-ulp_hcpu\bootloader\sifli_sdk\drivers\hal\bf0_hal_mpi.o
                0x20022b5e                HAL_FLASH_CFG_AHB_RCMD
 .text.HAL_FLASH_SET_AHB_WCMD
                0x20022b98       0x18 build_sf32lb52-lchspi-ulp_hcpu\bootloader\sifli_sdk\drivers\hal\bf0_hal_mpi.o
                0x20022b98                HAL_FLASH_SET_AHB_WCMD
 .text.HAL_FLASH_CFG_AHB_WCMD
                0x20022bb0       0x3a build_sf32lb52-lchspi-ulp_hcpu\bootloader\sifli_sdk\drivers\hal\bf0_hal_mpi.o
                0x20022bb0                HAL_FLASH_CFG_AHB_WCMD
 .text.HAL_FLASH_WRITE_WORD
                0x20022bea        0xe build_sf32lb52-lchspi-ulp_hcpu\bootloader\sifli_sdk\drivers\hal\bf0_hal_mpi.o
                0x20022bea                HAL_FLASH_WRITE_WORD
 .text.HAL_FLASH_WRITE_DLEN
                0x20022bf8       0x14 build_sf32lb52-lchspi-ulp_hcpu\bootloader\sifli_sdk\drivers\hal\bf0_hal_mpi.o
                0x20022bf8                HAL_FLASH_WRITE_DLEN
 .text.HAL_FLASH_WRITE_DLEN2
                0x20022c0c       0x14 build_sf32lb52-lchspi-ulp_hcpu\bootloader\sifli_sdk\drivers\hal\bf0_hal_mpi.o
                0x20022c0c                HAL_FLASH_WRITE_DLEN2
 .text.HAL_FLASH_WRITE_ABYTE
                0x20022c20        0x8 build_sf32lb52-lchspi-ulp_hcpu\bootloader\sifli_sdk\drivers\hal\bf0_hal_mpi.o
                0x20022c20                HAL_FLASH_WRITE_ABYTE
 .text.HAL_FLASH_IS_CMD_DONE
                0x20022c28        0xc build_sf32lb52-lchspi-ulp_hcpu\bootloader\sifli_sdk\drivers\hal\bf0_hal_mpi.o
                0x20022c28                HAL_FLASH_IS_CMD_DONE
 .text.HAL_FLASH_CLR_CMD_DONE
                0x20022c34        0xe build_sf32lb52-lchspi-ulp_hcpu\bootloader\sifli_sdk\drivers\hal\bf0_hal_mpi.o
                0x20022c34                HAL_FLASH_CLR_CMD_DONE
 .text.HAL_FLASH_SET_CMD
                0x20022c42       0x46 build_sf32lb52-lchspi-ulp_hcpu\bootloader\sifli_sdk\drivers\hal\bf0_hal_mpi.o
                0x20022c42                HAL_FLASH_SET_CMD
 .text.HAL_FLASH_CLR_STATUS
                0x20022c88        0xc build_sf32lb52-lchspi-ulp_hcpu\bootloader\sifli_sdk\drivers\hal\bf0_hal_mpi.o
                0x20022c88                HAL_FLASH_CLR_STATUS
 .text.HAL_FLASH_STATUS_MATCH
                0x20022c94        0xc build_sf32lb52-lchspi-ulp_hcpu\bootloader\sifli_sdk\drivers\hal\bf0_hal_mpi.o
                0x20022c94                HAL_FLASH_STATUS_MATCH
 .text.HAL_FLASH_IS_PROG_DONE
                0x20022ca0       0x12 build_sf32lb52-lchspi-ulp_hcpu\bootloader\sifli_sdk\drivers\hal\bf0_hal_mpi.o
                0x20022ca0                HAL_FLASH_IS_PROG_DONE
 .text.HAL_FLASH_READ32
                0x20022cb2        0x8 build_sf32lb52-lchspi-ulp_hcpu\bootloader\sifli_sdk\drivers\hal\bf0_hal_mpi.o
                0x20022cb2                HAL_FLASH_READ32
 .text.HAL_FLASH_SET_TXSLOT
                0x20022cba        0xe build_sf32lb52-lchspi-ulp_hcpu\bootloader\sifli_sdk\drivers\hal\bf0_hal_mpi.o
                0x20022cba                HAL_FLASH_SET_TXSLOT
 .text.HAL_FLASH_SET_CLK_rom
                0x20022cc8        0x8 build_sf32lb52-lchspi-ulp_hcpu\bootloader\sifli_sdk\drivers\hal\bf0_hal_mpi.o
                0x20022cc8                HAL_FLASH_SET_CLK_rom
 .text.HAL_FLASH_GET_DIV
                0x20022cd0        0xa build_sf32lb52-lchspi-ulp_hcpu\bootloader\sifli_sdk\drivers\hal\bf0_hal_mpi.o
                0x20022cd0                HAL_FLASH_GET_DIV
 .text.HAL_FLASH_MANUAL_CMD
                0x20022cda       0x42 build_sf32lb52-lchspi-ulp_hcpu\bootloader\sifli_sdk\drivers\hal\bf0_hal_mpi.o
                0x20022cda                HAL_FLASH_MANUAL_CMD
 .text.HAL_FLASH_MANUAL_CMD2
                0x20022d1c       0x42 build_sf32lb52-lchspi-ulp_hcpu\bootloader\sifli_sdk\drivers\hal\bf0_hal_mpi.o
                0x20022d1c                HAL_FLASH_MANUAL_CMD2
 *fill*         0x20022d5e        0x2 
 .text.HAL_FLASH_SET_ALIAS_RANGE
                0x20022d60       0x24 build_sf32lb52-lchspi-ulp_hcpu\bootloader\sifli_sdk\drivers\hal\bf0_hal_mpi.o
                0x20022d60                HAL_FLASH_SET_ALIAS_RANGE
 .text.HAL_FLASH_SET_ALIAS_OFFSET
                0x20022d84       0x12 build_sf32lb52-lchspi-ulp_hcpu\bootloader\sifli_sdk\drivers\hal\bf0_hal_mpi.o
                0x20022d84                HAL_FLASH_SET_ALIAS_OFFSET
 *fill*         0x20022d96        0x2 
 .text.HAL_FLASH_SET_CTR
                0x20022d98       0x20 build_sf32lb52-lchspi-ulp_hcpu\bootloader\sifli_sdk\drivers\hal\bf0_hal_mpi.o
                0x20022d98                HAL_FLASH_SET_CTR
 .text.HAL_FLASH_SET_NONCE
                0x20022db8       0x1a build_sf32lb52-lchspi-ulp_hcpu\bootloader\sifli_sdk\drivers\hal\bf0_hal_mpi.o
                0x20022db8                HAL_FLASH_SET_NONCE
 .text.HAL_FLASH_SET_AES
                0x20022dd2       0x1e build_sf32lb52-lchspi-ulp_hcpu\bootloader\sifli_sdk\drivers\hal\bf0_hal_mpi.o
                0x20022dd2                HAL_FLASH_SET_AES
 .text.HAL_FLASH_ENABLE_AES
                0x20022df0       0x1c build_sf32lb52-lchspi-ulp_hcpu\bootloader\sifli_sdk\drivers\hal\bf0_hal_mpi.o
                0x20022df0                HAL_FLASH_ENABLE_AES
 .text.HAL_FLASH_ENABLE_QSPI
                0x20022e0c       0x1c build_sf32lb52-lchspi-ulp_hcpu\bootloader\sifli_sdk\drivers\hal\bf0_hal_mpi.o
                0x20022e0c                HAL_FLASH_ENABLE_QSPI
 .text.HAL_FLASH_ENABLE_OPI
                0x20022e28       0x1c build_sf32lb52-lchspi-ulp_hcpu\bootloader\sifli_sdk\drivers\hal\bf0_hal_mpi.o
                0x20022e28                HAL_FLASH_ENABLE_OPI
 .text.HAL_FLASH_ENABLE_HYPER
                0x20022e44       0x1c build_sf32lb52-lchspi-ulp_hcpu\bootloader\sifli_sdk\drivers\hal\bf0_hal_mpi.o
                0x20022e44                HAL_FLASH_ENABLE_HYPER
 .text.HAL_FLASH_ENABLE_CMD2
                0x20022e60       0x1c build_sf32lb52-lchspi-ulp_hcpu\bootloader\sifli_sdk\drivers\hal\bf0_hal_mpi.o
                0x20022e60                HAL_FLASH_ENABLE_CMD2
 .text.HAL_FLASH_STAUS_MATCH_CMD2
                0x20022e7c       0x1c build_sf32lb52-lchspi-ulp_hcpu\bootloader\sifli_sdk\drivers\hal\bf0_hal_mpi.o
                0x20022e7c                HAL_FLASH_STAUS_MATCH_CMD2
 .text.HAL_FLASH_SET_CS_TIME
                0x20022e98       0x2a build_sf32lb52-lchspi-ulp_hcpu\bootloader\sifli_sdk\drivers\hal\bf0_hal_mpi.o
                0x20022e98                HAL_FLASH_SET_CS_TIME
 .text.HAL_FLASH_SET_ROW_BOUNDARY
                0x20022ec2       0x14 build_sf32lb52-lchspi-ulp_hcpu\bootloader\sifli_sdk\drivers\hal\bf0_hal_mpi.o
                0x20022ec2                HAL_FLASH_SET_ROW_BOUNDARY
 .text.HAL_FLASH_SET_LEGACY
                0x20022ed6       0x1c build_sf32lb52-lchspi-ulp_hcpu\bootloader\sifli_sdk\drivers\hal\bf0_hal_mpi.o
                0x20022ed6                HAL_FLASH_SET_LEGACY
 .text.HAL_FLASH_SET_DUAL_MODE
                0x20022ef2       0x1c build_sf32lb52-lchspi-ulp_hcpu\bootloader\sifli_sdk\drivers\hal\bf0_hal_mpi.o
                0x20022ef2                HAL_FLASH_SET_DUAL_MODE
 .text.HAL_MPI_EN_FIXLAT
                0x20022f0e       0x1c build_sf32lb52-lchspi-ulp_hcpu\bootloader\sifli_sdk\drivers\hal\bf0_hal_mpi.o
                0x20022f0e                HAL_MPI_EN_FIXLAT
 .text.HAL_MPI_ENABLE_DQS
                0x20022f2a       0x1c build_sf32lb52-lchspi-ulp_hcpu\bootloader\sifli_sdk\drivers\hal\bf0_hal_mpi.o
                0x20022f2a                HAL_MPI_ENABLE_DQS
 .text.HAL_MPI_SET_DQS_DELAY
                0x20022f46       0x18 build_sf32lb52-lchspi-ulp_hcpu\bootloader\sifli_sdk\drivers\hal\bf0_hal_mpi.o
                0x20022f46                HAL_MPI_SET_DQS_DELAY
 .text.HAL_MPI_SET_SCK
                0x20022f5e       0x20 build_sf32lb52-lchspi-ulp_hcpu\bootloader\sifli_sdk\drivers\hal\bf0_hal_mpi.o
                0x20022f5e                HAL_MPI_SET_SCK
 *fill*         0x20022f7e        0x2 
 .text.HAL_MPI_CFG_DTR
                0x20022f80       0x4c build_sf32lb52-lchspi-ulp_hcpu\bootloader\sifli_sdk\drivers\hal\bf0_hal_mpi.o
                0x20022f80                HAL_MPI_CFG_DTR
 .text.HAL_MPI_MODIFY_RCMD_DELAY
                0x20022fcc       0x12 build_sf32lb52-lchspi-ulp_hcpu\bootloader\sifli_sdk\drivers\hal\bf0_hal_mpi.o
                0x20022fcc                HAL_MPI_MODIFY_RCMD_DELAY
 .text.HAL_MPI_MODIFY_WCMD_DELAY
                0x20022fde       0x12 build_sf32lb52-lchspi-ulp_hcpu\bootloader\sifli_sdk\drivers\hal\bf0_hal_mpi.o
                0x20022fde                HAL_MPI_MODIFY_WCMD_DELAY
 .text.HAL_FLASH_CONFIG_AHB_READ
                0x20022ff0       0x76 build_sf32lb52-lchspi-ulp_hcpu\bootloader\sifli_sdk\drivers\hal\bf0_hal_mpi.o
                0x20022ff0                HAL_FLASH_CONFIG_AHB_READ
 .text.HAL_FLASH_CONFIG_FULL_AHB_READ
                0x20023066       0x74 build_sf32lb52-lchspi-ulp_hcpu\bootloader\sifli_sdk\drivers\hal\bf0_hal_mpi.o
                0x20023066                HAL_FLASH_CONFIG_FULL_AHB_READ
 .text.HAL_FLASH_PRE_CMD
                0x200230da       0x4e build_sf32lb52-lchspi-ulp_hcpu\bootloader\sifli_sdk\drivers\hal\bf0_hal_mpi.o
                0x200230da                HAL_FLASH_PRE_CMD
 .text.HAL_FLASH_ISSUE_CMD
                0x20023128       0x62 build_sf32lb52-lchspi-ulp_hcpu\bootloader\sifli_sdk\drivers\hal\bf0_hal_mpi.o
                0x20023128                HAL_FLASH_ISSUE_CMD
 .text.HAL_FLASH_ISSUE_CMD_SEQ
                0x2002318a       0xec build_sf32lb52-lchspi-ulp_hcpu\bootloader\sifli_sdk\drivers\hal\bf0_hal_mpi.o
                0x2002318a                HAL_FLASH_ISSUE_CMD_SEQ
 .text.nor_qspi_switch
                0x20023276      0x11e build_sf32lb52-lchspi-ulp_hcpu\bootloader\sifli_sdk\drivers\hal\bf0_hal_mpi.o
                0x20023276                nor_qspi_switch
 .text.HAL_FLASH_SET_QUAL_SPI
                0x20023394       0x16 build_sf32lb52-lchspi-ulp_hcpu\bootloader\sifli_sdk\drivers\hal\bf0_hal_mpi.o
                0x20023394                HAL_FLASH_SET_QUAL_SPI
 .text.HAL_FLASH_FADDR_SET_QSPI
                0x200233aa       0x16 build_sf32lb52-lchspi-ulp_hcpu\bootloader\sifli_sdk\drivers\hal\bf0_hal_mpi.o
                0x200233aa                HAL_FLASH_FADDR_SET_QSPI
 .text.HAL_FLASH_GET_NOR_ID
                0x200233c0       0x36 build_sf32lb52-lchspi-ulp_hcpu\bootloader\sifli_sdk\drivers\hal\bf0_hal_mpi.o
                0x200233c0                HAL_FLASH_GET_NOR_ID
 .text.HAL_FLASH_CLR_PROTECT
                0x200233f6      0x120 build_sf32lb52-lchspi-ulp_hcpu\bootloader\sifli_sdk\drivers\hal\bf0_hal_mpi.o
                0x200233f6                HAL_FLASH_CLR_PROTECT
 .text.HAL_QSPI_SET_CLK_INV
                0x20023516       0x1e build_sf32lb52-lchspi-ulp_hcpu\bootloader\sifli_sdk\drivers\hal\bf0_hal_mpi.o
                0x20023516                HAL_QSPI_SET_CLK_INV
 .text.HAL_FLASH_RELEASE_DPD
                0x20023534       0x3e build_sf32lb52-lchspi-ulp_hcpu\bootloader\sifli_sdk\drivers\hal\bf0_hal_mpi.o
                0x20023534                HAL_FLASH_RELEASE_DPD
 .text.flash_handle_valid
                0x20023572        0xc build_sf32lb52-lchspi-ulp_hcpu\bootloader\sifli_sdk\drivers\hal\bf0_hal_mpi_ex.o
 .text.HAL_GET_FLASH_MID
                0x2002357e        0x4 build_sf32lb52-lchspi-ulp_hcpu\bootloader\sifli_sdk\drivers\hal\bf0_hal_mpi_ex.o
                0x2002357e                HAL_GET_FLASH_MID
 .text.HAL_FLASH_DMA_START
                0x20023582       0x74 build_sf32lb52-lchspi-ulp_hcpu\bootloader\sifli_sdk\drivers\hal\bf0_hal_mpi_ex.o
                0x20023582                HAL_FLASH_DMA_START
 .text.HAL_FLASH_DMA_WAIT_DONE
                0x200235f6       0x2a build_sf32lb52-lchspi-ulp_hcpu\bootloader\sifli_sdk\drivers\hal\bf0_hal_mpi_ex.o
                0x200235f6                HAL_FLASH_DMA_WAIT_DONE
 .text.HAL_FLASH_ALIAS_CFG
                0x20023620       0x22 build_sf32lb52-lchspi-ulp_hcpu\bootloader\sifli_sdk\drivers\hal\bf0_hal_mpi_ex.o
                0x20023620                HAL_FLASH_ALIAS_CFG
 .text.HAL_FLASH_NONCE_CFG
                0x20023642       0x30 build_sf32lb52-lchspi-ulp_hcpu\bootloader\sifli_sdk\drivers\hal\bf0_hal_mpi_ex.o
                0x20023642                HAL_FLASH_NONCE_CFG
 .text.HAL_FLASH_AES_CFG
                0x20023672       0x1c build_sf32lb52-lchspi-ulp_hcpu\bootloader\sifli_sdk\drivers\hal\bf0_hal_mpi_ex.o
                0x20023672                HAL_FLASH_AES_CFG
 .text.nand_read_id
                0x2002368e       0x58 build_sf32lb52-lchspi-ulp_hcpu\bootloader\sifli_sdk\drivers\hal\bf0_hal_mpi_ex.o
                0x2002368e                nand_read_id
 .text.HAL_NAND_CONF_ECC
                0x200236e6       0x7c build_sf32lb52-lchspi-ulp_hcpu\bootloader\sifli_sdk\drivers\hal\bf0_hal_mpi_ex.o
                0x200236e6                HAL_NAND_CONF_ECC
 .text.HAL_NAND_GET_ECC_STATUS
                0x20023762       0x5a build_sf32lb52-lchspi-ulp_hcpu\bootloader\sifli_sdk\drivers\hal\bf0_hal_mpi_ex.o
                0x20023762                HAL_NAND_GET_ECC_STATUS
 .text.HAL_NAND_CHECK_ECC
                0x200237bc       0xa8 build_sf32lb52-lchspi-ulp_hcpu\bootloader\sifli_sdk\drivers\hal\bf0_hal_mpi_ex.o
                0x200237bc                HAL_NAND_CHECK_ECC
 .text.HAL_NAND_GET_ECC_RESULT
                0x20023864       0x30 build_sf32lb52-lchspi-ulp_hcpu\bootloader\sifli_sdk\drivers\hal\bf0_hal_mpi_ex.o
                0x20023864                HAL_NAND_GET_ECC_RESULT
 .text.HAL_NAND_EN_QUAL
                0x20023894       0x62 build_sf32lb52-lchspi-ulp_hcpu\bootloader\sifli_sdk\drivers\hal\bf0_hal_mpi_ex.o
                0x20023894                HAL_NAND_EN_QUAL
 .text.nand_clear_status
                0x200238f6       0x36 build_sf32lb52-lchspi-ulp_hcpu\bootloader\sifli_sdk\drivers\hal\bf0_hal_mpi_ex.o
                0x200238f6                nand_clear_status
 .text.HAL_NAND_PAGE_SIZE
                0x2002392c       0x16 build_sf32lb52-lchspi-ulp_hcpu\bootloader\sifli_sdk\drivers\hal\bf0_hal_mpi_ex.o
                0x2002392c                HAL_NAND_PAGE_SIZE
 *fill*         0x20023942        0x2 
 .text.HAL_NAND_READ_WITHOOB
                0x20023944      0x1e8 build_sf32lb52-lchspi-ulp_hcpu\bootloader\sifli_sdk\drivers\hal\bf0_hal_mpi_ex.o
                0x20023944                HAL_NAND_READ_WITHOOB
 .text.HAL_NAND_BLOCK_SIZE
                0x20023b2c       0x18 build_sf32lb52-lchspi-ulp_hcpu\bootloader\sifli_sdk\drivers\hal\bf0_hal_mpi_ex.o
                0x20023b2c                HAL_NAND_BLOCK_SIZE
 .text.HAL_NAND_GET_BADBLK
                0x20023b44       0x42 build_sf32lb52-lchspi-ulp_hcpu\bootloader\sifli_sdk\drivers\hal\bf0_hal_mpi_ex.o
                0x20023b44                HAL_NAND_GET_BADBLK
 .text.HAL_QSPIEX_WRITE_PAGE
                0x20023b86      0x1ca build_sf32lb52-lchspi-ulp_hcpu\bootloader\sifli_sdk\drivers\hal\bf0_hal_mpi_ex.o
                0x20023b86                HAL_QSPIEX_WRITE_PAGE
 .text.HAL_QSPIEX_SECT_ERASE
                0x20023d50       0x4e build_sf32lb52-lchspi-ulp_hcpu\bootloader\sifli_sdk\drivers\hal\bf0_hal_mpi_ex.o
                0x20023d50                HAL_QSPIEX_SECT_ERASE
 *fill*         0x20023d9e        0x2 
 .text.HAL_QSPI_GET_SRC_CLK
                0x20023da0       0x48 build_sf32lb52-lchspi-ulp_hcpu\bootloader\sifli_sdk\drivers\hal\bf0_hal_mpi_ex.o
                0x20023da0                HAL_QSPI_GET_SRC_CLK
 .text.HAL_QSPI_GET_CLK
                0x20023de8       0x20 build_sf32lb52-lchspi-ulp_hcpu\bootloader\sifli_sdk\drivers\hal\bf0_hal_mpi_ex.o
                0x20023de8                HAL_QSPI_GET_CLK
 .text.HAL_QSPI_READ_ID
                0x20023e08       0x16 build_sf32lb52-lchspi-ulp_hcpu\bootloader\sifli_sdk\drivers\hal\bf0_hal_mpi_ex.o
                0x20023e08                HAL_QSPI_READ_ID
 .text.HAL_NOR_CFG_DTR
                0x20023e1e       0x8e build_sf32lb52-lchspi-ulp_hcpu\bootloader\sifli_sdk\drivers\hal\bf0_hal_mpi_ex.o
                0x20023e1e                HAL_NOR_CFG_DTR
 .text.HAL_NOR_DTR_CAL
                0x20023eac       0x46 build_sf32lb52-lchspi-ulp_hcpu\bootloader\sifli_sdk\drivers\hal\bf0_hal_mpi_ex.o
                0x20023eac                HAL_NOR_DTR_CAL
 *fill*         0x20023ef2        0x2 
 .text.HAL_FLASH_Init
                0x20023ef4      0x360 build_sf32lb52-lchspi-ulp_hcpu\bootloader\sifli_sdk\drivers\hal\bf0_hal_mpi_ex.o
                0x20023ef4                HAL_FLASH_Init
 .text.HAL_Delay_us_psram
                0x20024254       0x54 build_sf32lb52-lchspi-ulp_hcpu\bootloader\sifli_sdk\drivers\hal\bf0_hal_mpi_psram.o
 .text.HAL_MPI_OPSRAM_CAL_DELAY
                0x200242a8       0x62 build_sf32lb52-lchspi-ulp_hcpu\bootloader\sifli_sdk\drivers\hal\bf0_hal_mpi_psram.o
 *fill*         0x2002430a        0x2 
 .text.HAL_SPI_PSRAM_Init
                0x2002430c       0xac build_sf32lb52-lchspi-ulp_hcpu\bootloader\sifli_sdk\drivers\hal\bf0_hal_mpi_psram.o
                0x2002430c                HAL_SPI_PSRAM_Init
 .text.HAL_MPI_MR_WRITE
                0x200243b8       0x48 build_sf32lb52-lchspi-ulp_hcpu\bootloader\sifli_sdk\drivers\hal\bf0_hal_mpi_psram.o
                0x200243b8                HAL_MPI_MR_WRITE
 .text.HAL_MPI_SET_FIXLAT
                0x20024400       0x9c build_sf32lb52-lchspi-ulp_hcpu\bootloader\sifli_sdk\drivers\hal\bf0_hal_mpi_psram.o
                0x20024400                HAL_MPI_SET_FIXLAT
 .text.HAL_LEGACY_MR_WRITE
                0x2002449c       0x48 build_sf32lb52-lchspi-ulp_hcpu\bootloader\sifli_sdk\drivers\hal\bf0_hal_mpi_psram.o
                0x2002449c                HAL_LEGACY_MR_WRITE
 .text.HAL_LEGACY_CFG_READ
                0x200244e4       0x36 build_sf32lb52-lchspi-ulp_hcpu\bootloader\sifli_sdk\drivers\hal\bf0_hal_mpi_psram.o
                0x200244e4                HAL_LEGACY_CFG_READ
 .text.HAL_LEGACY_CFG_WRITE
                0x2002451a       0x32 build_sf32lb52-lchspi-ulp_hcpu\bootloader\sifli_sdk\drivers\hal\bf0_hal_mpi_psram.o
                0x2002451a                HAL_LEGACY_CFG_WRITE
 .text.HAL_PSRAM_RESET
                0x2002454c       0x86 build_sf32lb52-lchspi-ulp_hcpu\bootloader\sifli_sdk\drivers\hal\bf0_hal_mpi_psram.o
                0x2002454c                HAL_PSRAM_RESET
 *fill*         0x200245d2        0x2 
 .text.HAL_OPI_PSRAM_Init
                0x200245d4       0xf0 build_sf32lb52-lchspi-ulp_hcpu\bootloader\sifli_sdk\drivers\hal\bf0_hal_mpi_psram.o
                0x200245d4                HAL_OPI_PSRAM_Init
 .text.HAL_LEGACY_PSRAM_Init
                0x200246c4      0x140 build_sf32lb52-lchspi-ulp_hcpu\bootloader\sifli_sdk\drivers\hal\bf0_hal_mpi_psram.o
                0x200246c4                HAL_LEGACY_PSRAM_Init
 .text.HAL_HYPER_PSRAM_WriteCR
                0x20024804       0x50 build_sf32lb52-lchspi-ulp_hcpu\bootloader\sifli_sdk\drivers\hal\bf0_hal_mpi_psram.o
                0x20024804                HAL_HYPER_PSRAM_WriteCR
 .text.HAL_HYPER_PSRAM_Init
                0x20024854       0x74 build_sf32lb52-lchspi-ulp_hcpu\bootloader\sifli_sdk\drivers\hal\bf0_hal_mpi_psram.o
                0x20024854                HAL_HYPER_PSRAM_Init
 .text.HAL_HYPER_CFG_READ
                0x200248c8       0x24 build_sf32lb52-lchspi-ulp_hcpu\bootloader\sifli_sdk\drivers\hal\bf0_hal_mpi_psram.o
                0x200248c8                HAL_HYPER_CFG_READ
 .text.HAL_HYPER_CFG_WRITE
                0x200248ec       0x24 build_sf32lb52-lchspi-ulp_hcpu\bootloader\sifli_sdk\drivers\hal\bf0_hal_mpi_psram.o
                0x200248ec                HAL_HYPER_CFG_WRITE
 .text.HAL_PIN_SetUartFunc.part.0
                0x20024910       0xb0 build_sf32lb52-lchspi-ulp_hcpu\bootloader\sifli_sdk\drivers\hal\bf0_hal_pinmux.o
 .text.HAL_PIN_SetAonPE
                0x200249c0       0x74 build_sf32lb52-lchspi-ulp_hcpu\bootloader\sifli_sdk\drivers\hal\bf0_hal_pinmux.o
 .text.HAL_PIN_Get_Base
                0x20024a34       0x2c build_sf32lb52-lchspi-ulp_hcpu\bootloader\sifli_sdk\drivers\hal\bf0_hal_pinmux.o
                0x20024a34                HAL_PIN_Get_Base
 .text.HAL_PIN_Func2Idx
                0x20024a60       0x2c build_sf32lb52-lchspi-ulp_hcpu\bootloader\sifli_sdk\drivers\hal\bf0_hal_pinmux.o
                0x20024a60                HAL_PIN_Func2Idx
 .text.HAL_PIN_Set
                0x20024a8c      0x288 build_sf32lb52-lchspi-ulp_hcpu\bootloader\sifli_sdk\drivers\hal\bf0_hal_pinmux.o
                0x20024a8c                HAL_PIN_Set
 .text.HAL_PIN_Set_Analog
                0x20024d14       0x60 build_sf32lb52-lchspi-ulp_hcpu\bootloader\sifli_sdk\drivers\hal\bf0_hal_pinmux.o
                0x20024d14                HAL_PIN_Set_Analog
 .text.HAL_PMU_EnableDLL
                0x20024d74       0x1c build_sf32lb52-lchspi-ulp_hcpu\bootloader\sifli_sdk\drivers\hal\bf0_hal_pmu.o
                0x20024d74                HAL_PMU_EnableDLL
 .text.HAL_RCC_HCPU_ConfigSxModeVolt
                0x20024d90       0x58 build_sf32lb52-lchspi-ulp_hcpu\bootloader\sifli_sdk\drivers\hal\bf0_hal_rcc.o
 .text.HAL_RCC_HCPU_GetClockSrc
                0x20024de8       0x2a build_sf32lb52-lchspi-ulp_hcpu\bootloader\sifli_sdk\drivers\hal\bf0_hal_rcc.o
                0x20024de8                HAL_RCC_HCPU_GetClockSrc
 *fill*         0x20024e12        0x2 
 .text.HAL_RCC_HCPU_GetDLLFreq
                0x20024e14       0x38 build_sf32lb52-lchspi-ulp_hcpu\bootloader\sifli_sdk\drivers\hal\bf0_hal_rcc.o
                0x20024e14                HAL_RCC_HCPU_GetDLLFreq
 .text.HAL_RCC_HCPU_GetDLL1Freq
                0x20024e4c        0x6 build_sf32lb52-lchspi-ulp_hcpu\bootloader\sifli_sdk\drivers\hal\bf0_hal_rcc.o
                0x20024e4c                HAL_RCC_HCPU_GetDLL1Freq
 .text.HAL_RCC_HCPU_GetDLL2Freq
                0x20024e52        0x6 build_sf32lb52-lchspi-ulp_hcpu\bootloader\sifli_sdk\drivers\hal\bf0_hal_rcc.o
                0x20024e52                HAL_RCC_HCPU_GetDLL2Freq
 .text.HAL_RCC_HCPU_GetDLL3Freq
                0x20024e58        0x4 build_sf32lb52-lchspi-ulp_hcpu\bootloader\sifli_sdk\drivers\hal\bf0_hal_rcc.o
                0x20024e58                HAL_RCC_HCPU_GetDLL3Freq
 .text.HAL_RCC_HCPU_EnableDLL
                0x20024e5c       0xa4 build_sf32lb52-lchspi-ulp_hcpu\bootloader\sifli_sdk\drivers\hal\bf0_hal_rcc.o
                0x20024e5c                HAL_RCC_HCPU_EnableDLL
 .text.HAL_RCC_HCPU_EnableDLL1
                0x20024f00        0x8 build_sf32lb52-lchspi-ulp_hcpu\bootloader\sifli_sdk\drivers\hal\bf0_hal_rcc.o
                0x20024f00                HAL_RCC_HCPU_EnableDLL1
 .text.HAL_RCC_HCPU_EnableDLL2
                0x20024f08        0x8 build_sf32lb52-lchspi-ulp_hcpu\bootloader\sifli_sdk\drivers\hal\bf0_hal_rcc.o
                0x20024f08                HAL_RCC_HCPU_EnableDLL2
 .text.HAL_RCC_HCPU_DisableDLL1
                0x20024f10       0x10 build_sf32lb52-lchspi-ulp_hcpu\bootloader\sifli_sdk\drivers\hal\bf0_hal_rcc.o
                0x20024f10                HAL_RCC_HCPU_DisableDLL1
 .text.HAL_RCC_GetSysCLKFreq
                0x20024f20       0x20 build_sf32lb52-lchspi-ulp_hcpu\bootloader\sifli_sdk\drivers\hal\bf0_hal_rcc.o
                0x20024f20                HAL_RCC_GetSysCLKFreq
 .text.HAL_RCC_GetHCLKFreq
                0x20024f40       0x38 build_sf32lb52-lchspi-ulp_hcpu\bootloader\sifli_sdk\drivers\hal\bf0_hal_rcc.o
                0x20024f40                HAL_RCC_GetHCLKFreq
 .text.HAL_RCC_HCPU_ClockSelect
                0x20024f78       0x48 build_sf32lb52-lchspi-ulp_hcpu\bootloader\sifli_sdk\drivers\hal\bf0_hal_rcc.o
                0x20024f78                HAL_RCC_HCPU_ClockSelect
 .text.HAL_RCC_HCPU_SetDiv
                0x20024fc0       0x54 build_sf32lb52-lchspi-ulp_hcpu\bootloader\sifli_sdk\drivers\hal\bf0_hal_rcc.o
                0x20024fc0                HAL_RCC_HCPU_SetDiv
 .text.HAL_RCC_HCPU_SwitchDvfsD2S
                0x20025014       0x78 build_sf32lb52-lchspi-ulp_hcpu\bootloader\sifli_sdk\drivers\hal\bf0_hal_rcc.o
 .text.HAL_RCC_HCPU_SwitchDvfsS2D.isra.0
                0x2002508c       0x88 build_sf32lb52-lchspi-ulp_hcpu\bootloader\sifli_sdk\drivers\hal\bf0_hal_rcc.o
 .text.HAL_RCC_HCPU_ConfigDvfs
                0x20025114       0xd4 build_sf32lb52-lchspi-ulp_hcpu\bootloader\sifli_sdk\drivers\hal\bf0_hal_rcc.o
 .text.HAL_RCC_Reset_and_Halt_LCPU
                0x200251e8       0x54 build_sf32lb52-lchspi-ulp_hcpu\bootloader\sifli_sdk\drivers\hal\bf0_hal_rcc.o
                0x200251e8                HAL_RCC_Reset_and_Halt_LCPU
 .text.HAL_RCC_HCPU_ConfigHCLK
                0x2002523c       0x24 build_sf32lb52-lchspi-ulp_hcpu\bootloader\sifli_sdk\drivers\hal\bf0_hal_rcc.o
                0x2002523c                HAL_RCC_HCPU_ConfigHCLK
 .text.spi_flash_get_rdid
                0x20025260       0x40 build_sf32lb52-lchspi-ulp_hcpu\bootloader\sifli_sdk\drivers\hal\flash_table.o
                0x20025260                spi_flash_get_rdid
 .text.spi_flash_get_cmd_by_id
                0x200252a0       0x28 build_sf32lb52-lchspi-ulp_hcpu\bootloader\sifli_sdk\drivers\hal\flash_table.o
                0x200252a0                spi_flash_get_cmd_by_id
 .text.spi_flash_get_size_by_id
                0x200252c8       0x14 build_sf32lb52-lchspi-ulp_hcpu\bootloader\sifli_sdk\drivers\hal\flash_table.o
                0x200252c8                spi_flash_get_size_by_id
 .text.spi_flash_is_support_dtr
                0x200252dc       0x12 build_sf32lb52-lchspi-ulp_hcpu\bootloader\sifli_sdk\drivers\hal\flash_table.o
                0x200252dc                spi_flash_is_support_dtr
 *fill*         0x200252ee        0x2 
 .text.spi_nand_get_rdid
                0x200252f0       0x40 build_sf32lb52-lchspi-ulp_hcpu\bootloader\sifli_sdk\drivers\hal\nand_table.o
                0x200252f0                spi_nand_get_rdid
 .text.spi_nand_get_cmd_by_id
                0x20025330       0x24 build_sf32lb52-lchspi-ulp_hcpu\bootloader\sifli_sdk\drivers\hal\nand_table.o
                0x20025330                spi_nand_get_cmd_by_id
 .text.HAL_GET_FLASH_DEFAUT_INX
                0x20025354        0x6 build_sf32lb52-lchspi-ulp_hcpu\bootloader\sifli_sdk\drivers\hal\nand_table.o
                0x20025354                HAL_GET_FLASH_DEFAUT_INX
 *fill*         0x2002535a        0x2 
 .text.spi_nand_get_default_ctable
                0x2002535c       0x1c build_sf32lb52-lchspi-ulp_hcpu\bootloader\sifli_sdk\drivers\hal\nand_table.o
                0x2002535c                spi_nand_get_default_ctable
 .text.spi_nand_get_size_by_id
                0x20025378       0x14 build_sf32lb52-lchspi-ulp_hcpu\bootloader\sifli_sdk\drivers\hal\nand_table.o
                0x20025378                spi_nand_get_size_by_id
 .text.spi_nand_get_plane_select_flag
                0x2002538c       0x12 build_sf32lb52-lchspi-ulp_hcpu\bootloader\sifli_sdk\drivers\hal\nand_table.o
                0x2002538c                spi_nand_get_plane_select_flag
 .text.spi_nand_get_big_page_flag
                0x2002539e       0x12 build_sf32lb52-lchspi-ulp_hcpu\bootloader\sifli_sdk\drivers\hal\nand_table.o
                0x2002539e                spi_nand_get_big_page_flag
 .text.spi_nand_get_ecc_mode
                0x200253b0       0x10 build_sf32lb52-lchspi-ulp_hcpu\bootloader\sifli_sdk\drivers\hal\nand_table.o
                0x200253b0                spi_nand_get_ecc_mode
 .text.bbm_map_check.part.0
                0x200253c0       0xa0 build_sf32lb52-lchspi-ulp_hcpu\bootloader\sifli_sdk\drivers\hal\sifli_bbm.o
 .text.bbm_crc_check
                0x20025460       0x28 build_sf32lb52-lchspi-ulp_hcpu\bootloader\sifli_sdk\drivers\hal\sifli_bbm.o
                0x20025460                bbm_crc_check
 .text.bbm_get_phy_blk
                0x20025488       0x68 build_sf32lb52-lchspi-ulp_hcpu\bootloader\sifli_sdk\drivers\hal\sifli_bbm.o
                0x20025488                bbm_get_phy_blk
 .text.bbm_get_version_inblk
                0x200254f0       0xd8 build_sf32lb52-lchspi-ulp_hcpu\bootloader\sifli_sdk\drivers\hal\sifli_bbm.o
 .text.bbm_get_map_table
                0x200255c8      0x174 build_sf32lb52-lchspi-ulp_hcpu\bootloader\sifli_sdk\drivers\hal\sifli_bbm.o
                0x200255c8                bbm_get_map_table
 .text.bbm_get_page_num
                0x2002573c       0x68 build_sf32lb52-lchspi-ulp_hcpu\bootloader\sifli_sdk\drivers\hal\sifli_bbm.o
 .text.bbm_read_page
                0x200257a4       0x48 build_sf32lb52-lchspi-ulp_hcpu\bootloader\sifli_sdk\drivers\hal\sifli_bbm.o
                0x200257a4                bbm_read_page
 .text.port_write_page
                0x200257ec        0xc build_sf32lb52-lchspi-ulp_hcpu\bootloader\sifli_sdk\drivers\hal\sifli_bbm.o
                0x200257ec                port_write_page
 .text.bbm_write_talbe.isra.0
                0x200257f8       0x74 build_sf32lb52-lchspi-ulp_hcpu\bootloader\sifli_sdk\drivers\hal\sifli_bbm.o
 .text.port_erase_block
                0x2002586c        0x4 build_sf32lb52-lchspi-ulp_hcpu\bootloader\sifli_sdk\drivers\hal\sifli_bbm.o
                0x2002586c                port_erase_block
 .text.bbm_init_table
                0x20025870      0x248 build_sf32lb52-lchspi-ulp_hcpu\bootloader\sifli_sdk\drivers\hal\sifli_bbm.o
                0x20025870                bbm_init_table
 .text.sif_bbm_init
                0x20025ab8      0x2bc build_sf32lb52-lchspi-ulp_hcpu\bootloader\sifli_sdk\drivers\hal\sifli_bbm.o
                0x20025ab8                sif_bbm_init
 .text.bbm_set_page_size
                0x20025d74        0xc build_sf32lb52-lchspi-ulp_hcpu\bootloader\sifli_sdk\drivers\hal\sifli_bbm.o
                0x20025d74                bbm_set_page_size
 .text.bbm_set_blk_size
                0x20025d80        0xc build_sf32lb52-lchspi-ulp_hcpu\bootloader\sifli_sdk\drivers\hal\sifli_bbm.o
                0x20025d80                bbm_set_blk_size
 .text.mbedtls_md_info_from_type
                0x20025d8c       0x18 build_sf32lb52-lchspi-ulp_hcpu\bootloader\sifli_sdk\external\mbedtls\library\md.o
                0x20025d8c                mbedtls_md_info_from_type
 .text.mbedtls_md_get_size
                0x20025da4        0x6 build_sf32lb52-lchspi-ulp_hcpu\bootloader\sifli_sdk\external\mbedtls\library\md.o
                0x20025da4                mbedtls_md_get_size
 .text.sha224_process_wrap
                0x20025daa        0x4 build_sf32lb52-lchspi-ulp_hcpu\bootloader\sifli_sdk\external\mbedtls\library\md_wrap.o
 .text.sha224_clone_wrap
                0x20025dae        0x4 build_sf32lb52-lchspi-ulp_hcpu\bootloader\sifli_sdk\external\mbedtls\library\md_wrap.o
 .text.sha224_ctx_free
                0x20025db2       0x12 build_sf32lb52-lchspi-ulp_hcpu\bootloader\sifli_sdk\external\mbedtls\library\md_wrap.o
 .text.sha224_ctx_alloc
                0x20025dc4       0x16 build_sf32lb52-lchspi-ulp_hcpu\bootloader\sifli_sdk\external\mbedtls\library\md_wrap.o
 .text.sha224_wrap
                0x20025dda        0x6 build_sf32lb52-lchspi-ulp_hcpu\bootloader\sifli_sdk\external\mbedtls\library\md_wrap.o
 .text.sha256_wrap
                0x20025de0        0x6 build_sf32lb52-lchspi-ulp_hcpu\bootloader\sifli_sdk\external\mbedtls\library\md_wrap.o
 .text.sha224_finish_wrap
                0x20025de6        0x4 build_sf32lb52-lchspi-ulp_hcpu\bootloader\sifli_sdk\external\mbedtls\library\md_wrap.o
 .text.sha224_update_wrap
                0x20025dea        0x4 build_sf32lb52-lchspi-ulp_hcpu\bootloader\sifli_sdk\external\mbedtls\library\md_wrap.o
 .text.sha224_starts_wrap
                0x20025dee        0x6 build_sf32lb52-lchspi-ulp_hcpu\bootloader\sifli_sdk\external\mbedtls\library\md_wrap.o
 .text.sha256_starts_wrap
                0x20025df4        0x6 build_sf32lb52-lchspi-ulp_hcpu\bootloader\sifli_sdk\external\mbedtls\library\md_wrap.o
 .text.sha384_process_wrap
                0x20025dfa        0x4 build_sf32lb52-lchspi-ulp_hcpu\bootloader\sifli_sdk\external\mbedtls\library\md_wrap.o
 .text.sha384_clone_wrap
                0x20025dfe        0x4 build_sf32lb52-lchspi-ulp_hcpu\bootloader\sifli_sdk\external\mbedtls\library\md_wrap.o
 .text.sha384_ctx_free
                0x20025e02       0x12 build_sf32lb52-lchspi-ulp_hcpu\bootloader\sifli_sdk\external\mbedtls\library\md_wrap.o
 .text.sha384_ctx_alloc
                0x20025e14       0x16 build_sf32lb52-lchspi-ulp_hcpu\bootloader\sifli_sdk\external\mbedtls\library\md_wrap.o
 .text.sha384_wrap
                0x20025e2a        0x6 build_sf32lb52-lchspi-ulp_hcpu\bootloader\sifli_sdk\external\mbedtls\library\md_wrap.o
 .text.sha512_wrap
                0x20025e30        0x6 build_sf32lb52-lchspi-ulp_hcpu\bootloader\sifli_sdk\external\mbedtls\library\md_wrap.o
 .text.sha384_finish_wrap
                0x20025e36        0x4 build_sf32lb52-lchspi-ulp_hcpu\bootloader\sifli_sdk\external\mbedtls\library\md_wrap.o
 .text.sha384_update_wrap
                0x20025e3a        0x4 build_sf32lb52-lchspi-ulp_hcpu\bootloader\sifli_sdk\external\mbedtls\library\md_wrap.o
 .text.sha384_starts_wrap
                0x20025e3e        0x6 build_sf32lb52-lchspi-ulp_hcpu\bootloader\sifli_sdk\external\mbedtls\library\md_wrap.o
 .text.sha512_starts_wrap
                0x20025e44        0x6 build_sf32lb52-lchspi-ulp_hcpu\bootloader\sifli_sdk\external\mbedtls\library\md_wrap.o
 .text.mbedtls_sha256_init
                0x20025e4a        0x8 build_sf32lb52-lchspi-ulp_hcpu\bootloader\sifli_sdk\external\mbedtls\library\sha256.o
                0x20025e4a                mbedtls_sha256_init
 .text.mbedtls_sha256_free
                0x20025e52       0x14 build_sf32lb52-lchspi-ulp_hcpu\bootloader\sifli_sdk\external\mbedtls\library\sha256.o
                0x20025e52                mbedtls_sha256_free
 .text.mbedtls_sha256_clone
                0x20025e66        0xa build_sf32lb52-lchspi-ulp_hcpu\bootloader\sifli_sdk\external\mbedtls\library\sha256.o
                0x20025e66                mbedtls_sha256_clone
 .text.mbedtls_sha256_starts
                0x20025e70       0x90 build_sf32lb52-lchspi-ulp_hcpu\bootloader\sifli_sdk\external\mbedtls\library\sha256.o
                0x20025e70                mbedtls_sha256_starts
 .text.mbedtls_sha256_process
                0x20025f00      0x6a0 build_sf32lb52-lchspi-ulp_hcpu\bootloader\sifli_sdk\external\mbedtls\library\sha256.o
                0x20025f00                mbedtls_sha256_process
 .text.mbedtls_sha256_update.part.0
                0x200265a0       0x84 build_sf32lb52-lchspi-ulp_hcpu\bootloader\sifli_sdk\external\mbedtls\library\sha256.o
 .text.mbedtls_sha256_update
                0x20026624        0x8 build_sf32lb52-lchspi-ulp_hcpu\bootloader\sifli_sdk\external\mbedtls\library\sha256.o
                0x20026624                mbedtls_sha256_update
 .text.mbedtls_sha256_finish
                0x2002662c       0xdc build_sf32lb52-lchspi-ulp_hcpu\bootloader\sifli_sdk\external\mbedtls\library\sha256.o
                0x2002662c                mbedtls_sha256_finish
 .text.mbedtls_sha256
                0x20026708       0xc8 build_sf32lb52-lchspi-ulp_hcpu\bootloader\sifli_sdk\external\mbedtls\library\sha256.o
                0x20026708                mbedtls_sha256
 .text.mbedtls_sha512_init
                0x200267d0        0x8 build_sf32lb52-lchspi-ulp_hcpu\bootloader\sifli_sdk\external\mbedtls\library\sha512.o
                0x200267d0                mbedtls_sha512_init
 .text.mbedtls_sha512_free
                0x200267d8       0x14 build_sf32lb52-lchspi-ulp_hcpu\bootloader\sifli_sdk\external\mbedtls\library\sha512.o
                0x200267d8                mbedtls_sha512_free
 .text.mbedtls_sha512_clone
                0x200267ec        0xa build_sf32lb52-lchspi-ulp_hcpu\bootloader\sifli_sdk\external\mbedtls\library\sha512.o
                0x200267ec                mbedtls_sha512_clone
 *fill*         0x200267f6        0x2 
 .text.mbedtls_sha512_starts
                0x200267f8      0x120 build_sf32lb52-lchspi-ulp_hcpu\bootloader\sifli_sdk\external\mbedtls\library\sha512.o
                0x200267f8                mbedtls_sha512_starts
 .text.mbedtls_sha512_process
                0x20026918      0xa58 build_sf32lb52-lchspi-ulp_hcpu\bootloader\sifli_sdk\external\mbedtls\library\sha512.o
                0x20026918                mbedtls_sha512_process
 .text.mbedtls_sha512_update.part.0
                0x20027370       0x9a build_sf32lb52-lchspi-ulp_hcpu\bootloader\sifli_sdk\external\mbedtls\library\sha512.o
 .text.mbedtls_sha512_update
                0x2002740a        0x8 build_sf32lb52-lchspi-ulp_hcpu\bootloader\sifli_sdk\external\mbedtls\library\sha512.o
                0x2002740a                mbedtls_sha512_update
 *fill*         0x20027412        0x2 
 .text.mbedtls_sha512_finish
                0x20027414      0x20c build_sf32lb52-lchspi-ulp_hcpu\bootloader\sifli_sdk\external\mbedtls\library\sha512.o
                0x20027414                mbedtls_sha512_finish
 .text.mbedtls_sha512
                0x20027620      0x150 build_sf32lb52-lchspi-ulp_hcpu\bootloader\sifli_sdk\external\mbedtls\library\sha512.o
                0x20027620                mbedtls_sha512
 .text.mbedtls_asn1_get_len
                0x20027770       0x8c build_sf32lb52-lchspi-ulp_hcpu\bootloader\sifli_sdk\external\mbedtls\library\asn1parse.o
                0x20027770                mbedtls_asn1_get_len
 .text.mbedtls_asn1_get_tag
                0x200277fc       0x28 build_sf32lb52-lchspi-ulp_hcpu\bootloader\sifli_sdk\external\mbedtls\library\asn1parse.o
                0x200277fc                mbedtls_asn1_get_tag
 .text.mbedtls_asn1_get_mpi
                0x20027824       0x26 build_sf32lb52-lchspi-ulp_hcpu\bootloader\sifli_sdk\external\mbedtls\library\asn1parse.o
                0x20027824                mbedtls_asn1_get_mpi
 .text.mbedtls_asn1_get_bitstring_null
                0x2002784a       0x28 build_sf32lb52-lchspi-ulp_hcpu\bootloader\sifli_sdk\external\mbedtls\library\asn1parse.o
                0x2002784a                mbedtls_asn1_get_bitstring_null
 .text.mbedtls_asn1_get_alg
                0x20027872       0x9c build_sf32lb52-lchspi-ulp_hcpu\bootloader\sifli_sdk\external\mbedtls\library\asn1parse.o
                0x20027872                mbedtls_asn1_get_alg
 .text.mpi_sub_hlp
                0x2002790e       0x52 build_sf32lb52-lchspi-ulp_hcpu\bootloader\sifli_sdk\external\mbedtls\library\bignum.o
 .text.mpi_mul_hlp
                0x20027960      0x2f8 build_sf32lb52-lchspi-ulp_hcpu\bootloader\sifli_sdk\external\mbedtls\library\bignum.o
 .text.mbedtls_mpi_init
                0x20027c58        0xe build_sf32lb52-lchspi-ulp_hcpu\bootloader\sifli_sdk\external\mbedtls\library\bignum.o
                0x20027c58                mbedtls_mpi_init
 .text.mbedtls_mpi_free
                0x20027c66       0x2a build_sf32lb52-lchspi-ulp_hcpu\bootloader\sifli_sdk\external\mbedtls\library\bignum.o
                0x20027c66                mbedtls_mpi_free
 .text.mbedtls_mpi_grow
                0x20027c90       0x60 build_sf32lb52-lchspi-ulp_hcpu\bootloader\sifli_sdk\external\mbedtls\library\bignum.o
                0x20027c90                mbedtls_mpi_grow
 .text.mbedtls_mpi_copy
                0x20027cf0       0x52 build_sf32lb52-lchspi-ulp_hcpu\bootloader\sifli_sdk\external\mbedtls\library\bignum.o
                0x20027cf0                mbedtls_mpi_copy
 .text.mbedtls_mpi_lset
                0x20027d42       0x38 build_sf32lb52-lchspi-ulp_hcpu\bootloader\sifli_sdk\external\mbedtls\library\bignum.o
                0x20027d42                mbedtls_mpi_lset
 .text.mbedtls_mpi_lsb
                0x20027d7a       0x30 build_sf32lb52-lchspi-ulp_hcpu\bootloader\sifli_sdk\external\mbedtls\library\bignum.o
                0x20027d7a                mbedtls_mpi_lsb
 .text.mbedtls_mpi_bitlen
                0x20027daa       0x3a build_sf32lb52-lchspi-ulp_hcpu\bootloader\sifli_sdk\external\mbedtls\library\bignum.o
                0x20027daa                mbedtls_mpi_bitlen
 .text.mbedtls_mpi_size
                0x20027de4        0xc build_sf32lb52-lchspi-ulp_hcpu\bootloader\sifli_sdk\external\mbedtls\library\bignum.o
                0x20027de4                mbedtls_mpi_size
 .text.mbedtls_mpi_read_binary
                0x20027df0       0x6a build_sf32lb52-lchspi-ulp_hcpu\bootloader\sifli_sdk\external\mbedtls\library\bignum.o
                0x20027df0                mbedtls_mpi_read_binary
 .text.mbedtls_mpi_write_binary
                0x20027e5a       0x46 build_sf32lb52-lchspi-ulp_hcpu\bootloader\sifli_sdk\external\mbedtls\library\bignum.o
                0x20027e5a                mbedtls_mpi_write_binary
 .text.mbedtls_mpi_shift_l
                0x20027ea0       0xa4 build_sf32lb52-lchspi-ulp_hcpu\bootloader\sifli_sdk\external\mbedtls\library\bignum.o
                0x20027ea0                mbedtls_mpi_shift_l
 .text.mbedtls_mpi_shift_r
                0x20027f44       0x74 build_sf32lb52-lchspi-ulp_hcpu\bootloader\sifli_sdk\external\mbedtls\library\bignum.o
                0x20027f44                mbedtls_mpi_shift_r
 .text.mbedtls_mpi_cmp_abs
                0x20027fb8       0x68 build_sf32lb52-lchspi-ulp_hcpu\bootloader\sifli_sdk\external\mbedtls\library\bignum.o
                0x20027fb8                mbedtls_mpi_cmp_abs
 .text.mpi_montmul
                0x20028020       0xd4 build_sf32lb52-lchspi-ulp_hcpu\bootloader\sifli_sdk\external\mbedtls\library\bignum.o
 .text.mbedtls_mpi_cmp_mpi
                0x200280f4       0x82 build_sf32lb52-lchspi-ulp_hcpu\bootloader\sifli_sdk\external\mbedtls\library\bignum.o
                0x200280f4                mbedtls_mpi_cmp_mpi
 .text.mbedtls_mpi_cmp_int
                0x20028176       0x2c build_sf32lb52-lchspi-ulp_hcpu\bootloader\sifli_sdk\external\mbedtls\library\bignum.o
                0x20028176                mbedtls_mpi_cmp_int
 .text.mbedtls_mpi_add_abs
                0x200281a2       0xb2 build_sf32lb52-lchspi-ulp_hcpu\bootloader\sifli_sdk\external\mbedtls\library\bignum.o
                0x200281a2                mbedtls_mpi_add_abs
 .text.mbedtls_mpi_sub_abs
                0x20028254       0x7a build_sf32lb52-lchspi-ulp_hcpu\bootloader\sifli_sdk\external\mbedtls\library\bignum.o
                0x20028254                mbedtls_mpi_sub_abs
 .text.mbedtls_mpi_add_mpi
                0x200282ce       0x4c build_sf32lb52-lchspi-ulp_hcpu\bootloader\sifli_sdk\external\mbedtls\library\bignum.o
                0x200282ce                mbedtls_mpi_add_mpi
 .text.mbedtls_mpi_sub_mpi
                0x2002831a       0x4e build_sf32lb52-lchspi-ulp_hcpu\bootloader\sifli_sdk\external\mbedtls\library\bignum.o
                0x2002831a                mbedtls_mpi_sub_mpi
 .text.mbedtls_mpi_sub_int
                0x20028368       0x2c build_sf32lb52-lchspi-ulp_hcpu\bootloader\sifli_sdk\external\mbedtls\library\bignum.o
                0x20028368                mbedtls_mpi_sub_int
 .text.mbedtls_mpi_mul_mpi
                0x20028394       0xc8 build_sf32lb52-lchspi-ulp_hcpu\bootloader\sifli_sdk\external\mbedtls\library\bignum.o
                0x20028394                mbedtls_mpi_mul_mpi
 .text.mbedtls_mpi_mul_int
                0x2002845c       0x1a build_sf32lb52-lchspi-ulp_hcpu\bootloader\sifli_sdk\external\mbedtls\library\bignum.o
                0x2002845c                mbedtls_mpi_mul_int
 .text.mbedtls_mpi_div_mpi
                0x20028476      0x408 build_sf32lb52-lchspi-ulp_hcpu\bootloader\sifli_sdk\external\mbedtls\library\bignum.o
                0x20028476                mbedtls_mpi_div_mpi
 .text.mbedtls_mpi_mod_mpi
                0x2002887e       0x64 build_sf32lb52-lchspi-ulp_hcpu\bootloader\sifli_sdk\external\mbedtls\library\bignum.o
                0x2002887e                mbedtls_mpi_mod_mpi
 .text.mbedtls_mpi_exp_mod
                0x200288e2      0x428 build_sf32lb52-lchspi-ulp_hcpu\bootloader\sifli_sdk\external\mbedtls\library\bignum.o
                0x200288e2                mbedtls_mpi_exp_mod
 .text.mbedtls_mpi_gcd
                0x20028d0a       0xfc build_sf32lb52-lchspi-ulp_hcpu\bootloader\sifli_sdk\external\mbedtls\library\bignum.o
                0x20028d0a                mbedtls_mpi_gcd
 .text.mbedtls_mpi_fill_random
                0x20028e06       0x3a build_sf32lb52-lchspi-ulp_hcpu\bootloader\sifli_sdk\external\mbedtls\library\bignum.o
                0x20028e06                mbedtls_mpi_fill_random
 .text.mbedtls_mpi_inv_mod
                0x20028e40      0x38a build_sf32lb52-lchspi-ulp_hcpu\bootloader\sifli_sdk\external\mbedtls\library\bignum.o
                0x20028e40                mbedtls_mpi_inv_mod
 *fill*         0x200291ca        0x2 
 .text.mbedtls_oid_get_pk_alg
                0x200291cc       0x34 build_sf32lb52-lchspi-ulp_hcpu\bootloader\sifli_sdk\external\mbedtls\library\oid.o
                0x200291cc                mbedtls_oid_get_pk_alg
 .text.mbedtls_oid_get_md_alg
                0x20029200       0x34 build_sf32lb52-lchspi-ulp_hcpu\bootloader\sifli_sdk\external\mbedtls\library\oid.o
                0x20029200                mbedtls_oid_get_md_alg
 .text.mbedtls_oid_get_oid_by_md
                0x20029234       0x28 build_sf32lb52-lchspi-ulp_hcpu\bootloader\sifli_sdk\external\mbedtls\library\oid.o
                0x20029234                mbedtls_oid_get_oid_by_md
 .text.mbedtls_pk_init
                0x2002925c        0xa build_sf32lb52-lchspi-ulp_hcpu\bootloader\sifli_sdk\external\mbedtls\library\pk.o
                0x2002925c                mbedtls_pk_init
 .text.mbedtls_pk_free
                0x20029266       0x22 build_sf32lb52-lchspi-ulp_hcpu\bootloader\sifli_sdk\external\mbedtls\library\pk.o
                0x20029266                mbedtls_pk_free
 .text.mbedtls_pk_info_from_type
                0x20029288       0x10 build_sf32lb52-lchspi-ulp_hcpu\bootloader\sifli_sdk\external\mbedtls\library\pk.o
                0x20029288                mbedtls_pk_info_from_type
 .text.mbedtls_pk_setup
                0x20029298       0x2c build_sf32lb52-lchspi-ulp_hcpu\bootloader\sifli_sdk\external\mbedtls\library\pk.o
                0x20029298                mbedtls_pk_setup
 .text.mbedtls_pk_verify
                0x200292c4       0x54 build_sf32lb52-lchspi-ulp_hcpu\bootloader\sifli_sdk\external\mbedtls\library\pk.o
                0x200292c4                mbedtls_pk_verify
 .text.pk_get_pk_alg
                0x20029318       0x54 build_sf32lb52-lchspi-ulp_hcpu\bootloader\sifli_sdk\external\mbedtls\library\pkparse.o
 .text.mbedtls_pk_parse_subpubkey
                0x2002936c      0x108 build_sf32lb52-lchspi-ulp_hcpu\bootloader\sifli_sdk\external\mbedtls\library\pkparse.o
                0x2002936c                mbedtls_pk_parse_subpubkey
 .text.mbedtls_pk_parse_public_key
                0x20029474       0x16 build_sf32lb52-lchspi-ulp_hcpu\bootloader\sifli_sdk\external\mbedtls\library\pkparse.o
                0x20029474                mbedtls_pk_parse_public_key
 .text.rsa_can_do
                0x2002948a        0xc build_sf32lb52-lchspi-ulp_hcpu\bootloader\sifli_sdk\external\mbedtls\library\pk_wrap.o
 .text.rsa_get_bitlen
                0x20029496        0x6 build_sf32lb52-lchspi-ulp_hcpu\bootloader\sifli_sdk\external\mbedtls\library\pk_wrap.o
 .text.rsa_debug
                0x2002949c       0x24 build_sf32lb52-lchspi-ulp_hcpu\bootloader\sifli_sdk\external\mbedtls\library\pk_wrap.o
 .text.rsa_free_wrap
                0x200294c0       0x12 build_sf32lb52-lchspi-ulp_hcpu\bootloader\sifli_sdk\external\mbedtls\library\pk_wrap.o
 .text.rsa_alloc_wrap
                0x200294d2       0x1a build_sf32lb52-lchspi-ulp_hcpu\bootloader\sifli_sdk\external\mbedtls\library\pk_wrap.o
 .text.rsa_check_pair_wrap
                0x200294ec        0x4 build_sf32lb52-lchspi-ulp_hcpu\bootloader\sifli_sdk\external\mbedtls\library\pk_wrap.o
 .text.rsa_encrypt_wrap
                0x200294f0       0x30 build_sf32lb52-lchspi-ulp_hcpu\bootloader\sifli_sdk\external\mbedtls\library\pk_wrap.o
 .text.rsa_decrypt_wrap
                0x20029520       0x30 build_sf32lb52-lchspi-ulp_hcpu\bootloader\sifli_sdk\external\mbedtls\library\pk_wrap.o
 .text.rsa_sign_wrap
                0x20029550       0x22 build_sf32lb52-lchspi-ulp_hcpu\bootloader\sifli_sdk\external\mbedtls\library\pk_wrap.o
 *fill*         0x20029572        0x2 
 .text.rsa_verify_wrap
                0x20029574       0x3c build_sf32lb52-lchspi-ulp_hcpu\bootloader\sifli_sdk\external\mbedtls\library\pk_wrap.o
 .text.mbedtls_rsa_init
                0x200295b0       0x16 build_sf32lb52-lchspi-ulp_hcpu\bootloader\sifli_sdk\external\mbedtls\library\rsa.o
                0x200295b0                mbedtls_rsa_init
 .text.mbedtls_rsa_set_padding
                0x200295c6        0x6 build_sf32lb52-lchspi-ulp_hcpu\bootloader\sifli_sdk\external\mbedtls\library\rsa.o
                0x200295c6                mbedtls_rsa_set_padding
 .text.mbedtls_rsa_check_pubkey
                0x200295cc       0x58 build_sf32lb52-lchspi-ulp_hcpu\bootloader\sifli_sdk\external\mbedtls\library\rsa.o
                0x200295cc                mbedtls_rsa_check_pubkey
 .text.mbedtls_rsa_check_privkey
                0x20029624      0x208 build_sf32lb52-lchspi-ulp_hcpu\bootloader\sifli_sdk\external\mbedtls\library\rsa.o
                0x20029624                mbedtls_rsa_check_privkey
 .text.mbedtls_rsa_check_pub_priv
                0x2002982c       0x40 build_sf32lb52-lchspi-ulp_hcpu\bootloader\sifli_sdk\external\mbedtls\library\rsa.o
                0x2002982c                mbedtls_rsa_check_pub_priv
 .text.mbedtls_rsa_public
                0x2002986c       0x6c build_sf32lb52-lchspi-ulp_hcpu\bootloader\sifli_sdk\external\mbedtls\library\rsa.o
                0x2002986c                mbedtls_rsa_public
 .text.mbedtls_rsa_private
                0x200298d8      0x314 build_sf32lb52-lchspi-ulp_hcpu\bootloader\sifli_sdk\external\mbedtls\library\rsa.o
                0x200298d8                mbedtls_rsa_private
 .text.mbedtls_rsa_rsaes_pkcs1_v15_encrypt
                0x20029bec       0xf0 build_sf32lb52-lchspi-ulp_hcpu\bootloader\sifli_sdk\external\mbedtls\library\rsa.o
                0x20029bec                mbedtls_rsa_rsaes_pkcs1_v15_encrypt
 .text.mbedtls_rsa_pkcs1_encrypt
                0x20029cdc       0x24 build_sf32lb52-lchspi-ulp_hcpu\bootloader\sifli_sdk\external\mbedtls\library\rsa.o
                0x20029cdc                mbedtls_rsa_pkcs1_encrypt
 .text.mbedtls_rsa_rsaes_pkcs1_v15_decrypt
                0x20029d00      0x128 build_sf32lb52-lchspi-ulp_hcpu\bootloader\sifli_sdk\external\mbedtls\library\rsa.o
                0x20029d00                mbedtls_rsa_rsaes_pkcs1_v15_decrypt
 .text.mbedtls_rsa_pkcs1_decrypt
                0x20029e28       0x2c build_sf32lb52-lchspi-ulp_hcpu\bootloader\sifli_sdk\external\mbedtls\library\rsa.o
                0x20029e28                mbedtls_rsa_pkcs1_decrypt
 .text.mbedtls_rsa_rsassa_pkcs1_v15_sign
                0x20029e54      0x198 build_sf32lb52-lchspi-ulp_hcpu\bootloader\sifli_sdk\external\mbedtls\library\rsa.o
                0x20029e54                mbedtls_rsa_rsassa_pkcs1_v15_sign
 .text.mbedtls_rsa_pkcs1_sign
                0x20029fec       0x30 build_sf32lb52-lchspi-ulp_hcpu\bootloader\sifli_sdk\external\mbedtls\library\rsa.o
                0x20029fec                mbedtls_rsa_pkcs1_sign
 .text.mbedtls_rsa_rsassa_pkcs1_v15_verify
                0x2002a01c      0x1b0 build_sf32lb52-lchspi-ulp_hcpu\bootloader\sifli_sdk\external\mbedtls\library\rsa.o
                0x2002a01c                mbedtls_rsa_rsassa_pkcs1_v15_verify
 .text.mbedtls_rsa_pkcs1_verify
                0x2002a1cc       0x30 build_sf32lb52-lchspi-ulp_hcpu\bootloader\sifli_sdk\external\mbedtls\library\rsa.o
                0x2002a1cc                mbedtls_rsa_pkcs1_verify
 .text.mbedtls_rsa_free
                0x2002a1fc       0x6e build_sf32lb52-lchspi-ulp_hcpu\bootloader\sifli_sdk\external\mbedtls\library\rsa.o
                0x2002a1fc                mbedtls_rsa_free
 *fill*         0x2002a26a        0x2 
 .text          0x2002a26c       0x30 C:/Users/TX/.sifli/tools/arm-none-eabi-gcc/14.2.1/bin/../lib/gcc/arm-none-eabi/14.2.1/thumb/v8-m.main+fp/hard\libgcc.a(_aeabi_uldivmod.o)
                0x2002a26c                __aeabi_uldivmod
 .text.__udivmoddi4
                0x2002a29c      0x34c C:/Users/TX/.sifli/tools/arm-none-eabi-gcc/14.2.1/bin/../lib/gcc/arm-none-eabi/14.2.1/thumb/v8-m.main+fp/hard\libgcc.a(_udivmoddi4.o)
                0x2002a29c                __udivmoddi4
 .text          0x2002a5e8        0x4 C:/Users/TX/.sifli/tools/arm-none-eabi-gcc/14.2.1/bin/../lib/gcc/arm-none-eabi/14.2.1/thumb/v8-m.main+fp/hard\libgcc.a(_dvmd_tls.o)
                0x2002a5e8                __aeabi_idiv0
                0x2002a5e8                __aeabi_ldiv0
 .text.calloc   0x2002a5ec       0x10 C:/Users/TX/.sifli/tools/arm-none-eabi-gcc/14.2.1/bin/../lib/gcc/arm-none-eabi/14.2.1/thumb/v8-m.main+fp/hard\libg_nano.a(libc_a-calloc.o)
                0x2002a5ec                calloc
 .text._calloc_r
                0x2002a5fc       0x28 C:/Users/TX/.sifli/tools/arm-none-eabi-gcc/14.2.1/bin/../lib/gcc/arm-none-eabi/14.2.1/thumb/v8-m.main+fp/hard\libg_nano.a(libc_a-callocr.o)
                0x2002a5fc                _calloc_r
 .text.free     0x2002a624       0x10 C:/Users/TX/.sifli/tools/arm-none-eabi-gcc/14.2.1/bin/../lib/gcc/arm-none-eabi/14.2.1/thumb/v8-m.main+fp/hard\libg_nano.a(libc_a-malloc.o)
                0x2002a624                free
 .text.sbrk_aligned
                0x2002a634       0x44 C:/Users/TX/.sifli/tools/arm-none-eabi-gcc/14.2.1/bin/../lib/gcc/arm-none-eabi/14.2.1/thumb/v8-m.main+fp/hard\libg_nano.a(libc_a-mallocr.o)
 .text._malloc_r
                0x2002a678      0x100 C:/Users/TX/.sifli/tools/arm-none-eabi-gcc/14.2.1/bin/../lib/gcc/arm-none-eabi/14.2.1/thumb/v8-m.main+fp/hard\libg_nano.a(libc_a-mallocr.o)
                0x2002a678                _malloc_r
 .text.__malloc_lock
                0x2002a778        0xc C:/Users/TX/.sifli/tools/arm-none-eabi-gcc/14.2.1/bin/../lib/gcc/arm-none-eabi/14.2.1/thumb/v8-m.main+fp/hard\libg_nano.a(libc_a-mlock.o)
                0x2002a778                __malloc_lock
 .text.__malloc_unlock
                0x2002a784        0xc C:/Users/TX/.sifli/tools/arm-none-eabi-gcc/14.2.1/bin/../lib/gcc/arm-none-eabi/14.2.1/thumb/v8-m.main+fp/hard\libg_nano.a(libc_a-mlock.o)
                0x2002a784                __malloc_unlock
 .text.memcmp   0x2002a790       0x20 C:/Users/TX/.sifli/tools/arm-none-eabi-gcc/14.2.1/bin/../lib/gcc/arm-none-eabi/14.2.1/thumb/v8-m.main+fp/hard\libg_nano.a(libc_a-memcmp.o)
                0x2002a790                memcmp